******************************************************************************
                  TI ARM Linker PC v18.12.3                    
******************************************************************************
>> Linked Tue Jan 21 11:58:31 2020

OUTPUT FILE NAME:   <grlib_demo.out>
ENTRY POINT SYMBOL: "_c_int00_noargs"  address: 00009dc1


MEMORY CONFIGURATION

         name            origin    length      used     unused   attr    fill
----------------------  --------  ---------  --------  --------  ----  --------
  FLASH                 00000000   00040000  0000a746  000358ba  R  X
  SRAM                  20000000   00008000  00001a74  0000658c  RW X


SEGMENT ALLOCATION MAP

run origin  load origin   length   init length attrs members
----------  ----------- ---------- ----------- ----- -------
00000000    00000000    0000a748   0000a748    r-x
  00000000    00000000    0000026c   0000026c    r-- .intvecs
  0000026c    0000026c    000054e0   000054e0    r-- .const
  0000574c    0000574c    00004b02   00004b02    r-x .text
  0000a250    0000a250    000004f8   000004f8    r-- .cinit
20000000    20000000    000010d8   00000000    rw-
  20000000    20000000    000010d8   00000000    rw- .data
20001400    20001400    000009a0   00000000    rw-
  20001400    20001400    0000059c   00000000    rw- .bss
  200019a0    200019a0    00000400   00000000    rw- .stack


SECTION ALLOCATION MAP

 output                                  attributes/
section   page    origin      length       input sections
--------  ----  ----------  ----------   ----------------
.intvecs   0    00000000    0000026c     
                  00000000    0000026c     startup_ccs.obj (.intvecs)

.const     0    0000026c    000054e0     
                  0000026c    00000a60     grlib.lib : fontcm24.obj (.const:.string:g_pui8Cm24Data)
                  00000ccc    00000960               : fontcm22.obj (.const:.string:g_pui8Cm22Data)
                  0000162c    0000095e               : fontcm20.obj (.const:.string:g_pui8Cm20Data)
                  00001f8a    0000086e               : fontcm18.obj (.const:.string:g_pui8Cm18Data)
                  000027f8    0000083d     images.obj (.const:.string:g_pui8RedSlider195x37)
                  00003035    00000826     images.obj (.const:.string:g_pui8GreenSlider195x37)
                  0000385b    00000705     images.obj (.const:.string:g_pui8GettingHotter28x148)
                  00003f60    0000055f     grlib.lib : fontcm12.obj (.const:.string:g_pui8Cm12Data)
                  000044bf    000003ad     images.obj (.const:.string:g_pui8GettingHotter28x148Mono)
                  0000486c    00000230     images.obj (.const:.string:g_pui8Logo)
                  00004a9c    00000210     images.obj (.const:.string:g_pui8Blue50x50)
                  00004cac    0000020e     images.obj (.const:.string:g_pui8Blue50x50Press)
                  00004eba    00000002     --HOLE-- [fill = 0]
                  00004ebc    00000176     grlib_demo.obj (.const:.string)
                  00005032    000000f5     images.obj (.const:.string:g_pui8LightOff)
                  00005127    000000e6     images.obj (.const:.string:g_pui8LightOn)
                  0000520d    00000003     --HOLE-- [fill = 0]
                  00005210    000000c8     grlib.lib : fontcm12.obj (.const:g_sFontCm12)
                  000052d8    000000c8               : fontcm18.obj (.const:g_sFontCm18)
                  000053a0    000000c8               : fontcm20.obj (.const:g_sFontCm20)
                  00005468    000000c8               : fontcm22.obj (.const:g_sFontCm22)
                  00005530    000000c8               : fontcm24.obj (.const:g_sFontCm24)
                  000055f8    00000090     driverlib.lib : gpio.obj (.const:g_pui32GPIOBaseAddrs)
                  00005688    00000070                   : interrupt.obj (.const)
                  000056f8    00000028     Kentec320x240x16_ssd2119_spi.obj (.const:g_sKentec320x240x16_SSD2119)
                  00005720    0000001c     touch.obj (.const:g_pi32TouchParameters)
                  0000573c    00000010     grlib.lib : context.obj (.const)

.text      0    0000574c    00004b02     
                  0000574c    00000598     Kentec320x240x16_ssd2119_spi.obj (.text:Kentec320x240x16_SSD2119Init)
                  00005ce4    00000374     grlib.lib : image.obj (.text:InternalImageDraw)
                  00006058    000002f8               : image.obj (.text:PixelTransparentDraw)
                  00006350    000002c6               : slider.obj (.text:SliderPaint)
                  00006616    00000254               : string.obj (.text:GrFontGlyphRender)
                  0000686a    00000002     startup_ccs.obj (.text:FaultISR)
                  0000686c    00000251     ustdlib.obj (.text:uvsnprintf)
                  00006abd    00000001     --HOLE-- [fill = 0]
                  00006abe    0000020e     grlib.lib : checkbox.obj (.text:CheckBoxPaint)
                  00006ccc    00000208               : circle.obj (.text:GrCircleDraw)
                  00006ed4    00000204     grlib_demo.obj (.text:OnIntroPaint)
                  000070d8    000001b6     grlib.lib : radiobutton.obj (.text:RadioButtonPaint)
                  0000728e    00000190               : canvas.obj (.text:CanvasPaint)
                  0000741e    00000002     startup_ccs.obj (.text:IntDefaultHandler)
                  00007420    00000180     touch.obj (.text:TouchScreenDebouncer)
                  000075a0    0000017e     grlib.lib : pushbutton.obj (.text:RectangularButtonPaint)
                  0000771e    0000016e               : pushbutton.obj (.text:CircularButtonPaint)
                  0000788c    00000160     grlib_demo.obj (.text:main)
                  000079ec    00000154     grlib.lib : container.obj (.text:ContainerPaint)
                  00007b40    0000014a     Kentec320x240x16_ssd2119_spi.obj (.text:Kentec320x240x16_SSD2119PixelDrawMultiple)
                  00007c8a    00000002     Kentec320x240x16_ssd2119_spi.obj (.text:Kentec320x240x16_SSD2119Flush)
                  00007c8c    00000148     Kentec320x240x16_ssd2119_spi.obj (.text:Kentec320x240x16_SSD2119LineDrawH)
                  00007dd4    00000144     grlib.lib : circle.obj (.text:GrCircleFill)
                  00007f18    00000144     grlib_demo.obj (.text:OnPrimitivePaint)
                  0000805c    00000132     driverlib.lib : gpio.obj (.text:GPIOPadConfigSet)
                  0000818e    00000002     startup_ccs.obj (.text:NmiSR)
                  00008190    00000130     touch.obj (.text:TouchScreenIntHandler)
                  000082c0    00000120     Kentec320x240x16_ssd2119_spi.obj (.text:Kentec320x240x16_SSD2119RectFill)
                  000083e0    00000114     touch.obj (.text:TouchScreenInit)
                  000084f4    00000106     grlib.lib : line.obj (.text:GrLineDraw)
                  000085fa    000000f2               : pushbutton.obj (.text:RectangularButtonClick)
                  000086ec    000000e8               : widget.obj (.text:WidgetMessageQueueAdd)
                  000087d4    000000dc     Kentec320x240x16_ssd2119_spi.obj (.text:InitSPILCDInterface)
                  000088b0    000000d6     grlib.lib : slider.obj (.text:SliderClick)
                  00008986    000000d4               : pushbutton.obj (.text:CircularButtonClick)
                  00008a5a    000000c0               : string.obj (.text:GrDefaultStringRenderer)
                  00008b1a    00000002     rtsv7M4_T_le_v4SPD16_eabi.lib : div0.asm.obj (.text)
                  00008b1c    000000bc     grlib_demo.obj (.text:OnPrevious)
                  00008bd8    000000b8     grlib.lib : line.obj (.text:GrLineClip)
                  00008c90    000000b8     grlib_demo.obj (.text:OnNext)
                  00008d48    000000b4     grlib.lib : widget.obj (.text:WidgetMessageSendPostOrder)
                  00008dfc    000000b0               : slider.obj (.text:SliderValueToPosition)
                  00008eac    000000a4     Kentec320x240x16_ssd2119_spi.obj (.text:Kentec320x240x16_SSD2119LineDrawV)
                  00008f50    0000009c     rtsv7M4_T_le_v4SPD16_eabi.lib : memcpy_t2.asm.obj (.text)
                  00008fec    00000090     grlib.lib : radiobutton.obj (.text:RadioButtonClick)
                  0000907c    0000008c     grlib_demo.obj (.text:OnSliderChange)
                  00009108    00000088     grlib_demo.obj (.text:OnCanvasPaint)
                  00009190    00000086     grlib.lib : rectangle.obj (.text:GrRectFill)
                  00009216    00000080               : rectangle.obj (.text:GrRectIntersectGet)
                  00009296    0000007a     driverlib.lib : adc.obj (.text:ADCSequenceStepConfigure)
                  00009310    0000007a     rtsv7M4_T_le_v4SPD16_eabi.lib : memset_t2.asm.obj (.text)
                  0000938a    00000002     --HOLE-- [fill = 0]
                  0000938c    0000006c     grlib_demo.obj (.text:OnRadioChange)
                  000093f8    00000068     grlib.lib : context.obj (.text:GrContextInit)
                  00009460    00000068               : string.obj (.text:GrStringWidthGet)
                  000094c8    00000068     driverlib.lib : interrupt.obj (.text:IntEnable)
                  00009530    00000068     rtsv7M4_T_le_v4SPD16_eabi.lib : copy_decompress_lzss.c.obj (.text:decompress:lzss:__TI_decompress_lzss)
                  00009598    00000066     grlib.lib : context.obj (.text:GrContextClipRegionSet)
                  000095fe    00000066               : rectangle.obj (.text:GrRectDraw)
                  00009664    00000064     grlib_demo.obj (.text:OnButtonPress)
                  000096c8    00000064     grlib.lib : widget.obj (.text:WidgetMessageQueueProcess)
                  0000972c    00000060     driverlib.lib : timer.obj (.text:TimerConfigure)
                  0000978c    0000005e     grlib.lib : widget.obj (.text:WidgetMessageSendPreOrder)
                  000097ea    0000005a               : string.obj (.text:FontWideGlyphDataGet)
                  00009844    00000058               : slider.obj (.text:SliderPositionToValue)
                  0000989c    00000058     driverlib.lib : timer.obj (.text:TimerControlTrigger)
                  000098f4    00000050                   : adc.obj (.text:ADCSequenceConfigure)
                  00009944    00000050     grlib.lib : checkbox.obj (.text:CheckBoxClick)
                  00009994    00000050     grlib_demo.obj (.text:OnCheckChange)
                  000099e4    0000004c     grlib.lib : widget.obj (.text:WidgetRemove)
                  00009a30    0000004c     Kentec320x240x16_ssd2119_spi.obj (.text:WriteCommandSPI)
                  00009a7c    0000004c     Kentec320x240x16_ssd2119_spi.obj (.text:WriteDataSPI)
                  00009ac8    0000004a     grlib.lib : string.obj (.text:UpdateContextCharMapping)
                  00009b12    00000002     --HOLE-- [fill = 0]
                  00009b14    00000048     driverlib.lib : gpio.obj (.text:GPIOPinConfigure)
                  00009b5c    00000046     grlib.lib : line.obj (.text:GrLineDrawH)
                  00009ba2    00000046               : line.obj (.text:GrLineDrawV)
                  00009be8    00000044     rtsv7M4_T_le_v4SPD16_eabi.lib : autoinit.c.obj (.text:__TI_auto_init_nobinit_nopinit:__TI_auto_init_nobinit_nopinit)
                  00009c2c    00000040                                   : u_divt2.asm.obj (.text)
                  00009c6c    0000003c     Kentec320x240x16_ssd2119_spi.obj (.text:Kentec320x240x16_SSD2119PixelDraw)
                  00009ca8    0000003c     driverlib.lib : ssi.obj (.text:SSIConfigSetExpClk)
                  00009ce4    0000003a     grlib.lib : string.obj (.text:FontGlyphDataGet)
                  00009d1e    00000038               : rectangle.obj (.text:GrRectOverlapCheck)
                  00009d56    00000036               : line.obj (.text:GrClipCodeGet)
                  00009d8c    00000034     driverlib.lib : sysctl.obj (.text:SysCtlPeripheralEnable)
                  00009dc0    00000034     rtsv7M4_T_le_v4SPD16_eabi.lib : boot_cortex_m.c.obj (.text:_c_int00_noargs:_c_int00_noargs)
                  00009df4    0000002e     grlib.lib : checkbox.obj (.text:CheckBoxMsgProc)
                  00009e22    0000002e               : string.obj (.text:GrStringNextCharGet)
                  00009e50    0000002e               : radiobutton.obj (.text:RadioButtonMsgProc)
                  00009e7e    0000002c               : pushbutton.obj (.text:CircularButtonMsgProc)
                  00009eaa    0000002c               : string.obj (.text:GrFontBaselineGet)
                  00009ed6    0000002c               : string.obj (.text:GrFontHeightGet)
                  00009f02    0000002c               : pushbutton.obj (.text:RectangularButtonMsgProc)
                  00009f2e    0000002c               : slider.obj (.text:SliderMsgProc)
                  00009f5a    0000002c               : widget.obj (.text:WidgetIsInTree)
                  00009f86    0000002a     driverlib.lib : gpio.obj (.text:GPIODirModeSet)
                  00009fb0    0000002a     ustdlib.obj (.text:ustrncpy)
                  00009fda    00000026     grlib.lib : string.obj (.text:GrFontInfoGet)
                  0000a000    00000022               : string.obj (.text:GrFontGlyphDataGet)
                  0000a022    00000020     ustdlib.obj (.text:usprintf)
                  0000a042    0000001e     grlib.lib : string.obj (.text:GrFontCodepageGet)
                  0000a060    0000001e               : widget.obj (.text:WidgetAdd)
                  0000a07e    00000002     --HOLE-- [fill = 0]
                  0000a080    0000001c               : widget.obj (.text:WidgetPointerMessage)
                  0000a09c    00000018     driverlib.lib : gpio.obj (.text:GPIOPinTypeGPIOOutput)
                  0000a0b4    00000016     grlib.lib : string.obj (.text:GrStringDraw)
                  0000a0ca    00000016     Kentec320x240x16_ssd2119_spi.obj (.text:Kentec320x240x16_SSD2119ColorTranslate)
                  0000a0e0    00000014     grlib.lib : canvas.obj (.text:CanvasMsgProc)
                  0000a0f4    00000014               : container.obj (.text:ContainerMsgProc)
                  0000a108    00000014               : widget.obj (.text:WidgetMutexGet)
                  0000a11c    00000012     driverlib.lib : gpio.obj (.text:GPIOPinTypeSSI)
                  0000a12e    00000012                   : ssi.obj (.text:SSIDataGetNonBlocking)
                  0000a140    00000012                   : timer.obj (.text:TimerLoadSet)
                  0000a152    00000010                   : adc.obj (.text:ADCIntEnable)
                  0000a162    00000002     --HOLE-- [fill = 0]
                  0000a164    00000010                   : fpu.obj (.text:FPUEnable)
                  0000a174    00000010                   : fpu.obj (.text:FPULazyStackingEnable)
                  0000a184    00000010                   : udma.obj (.text:uDMAEnable)
                  0000a194    0000000e                   : adc.obj (.text:ADCHardwareOversampleConfigure)
                  0000a1a2    0000000e                   : adc.obj (.text:ADCSequenceEnable)
                  0000a1b0    0000000e     grlib.lib : image.obj (.text:GrImageDraw)
                  0000a1be    0000000e     driverlib.lib : timer.obj (.text:TimerEnable)
                  0000a1cc    0000000e     rtsv7M4_T_le_v4SPD16_eabi.lib : copy_decompress_none.c.obj (.text:decompress:none:__TI_decompress_none)
                  0000a1da    00000002     --HOLE-- [fill = 0]
                  0000a1dc    0000000c     touch.obj (.text:TouchScreenCallbackSet)
                  0000a1e8    0000000c     rtsv7M4_T_le_v4SPD16_eabi.lib : copy_zero_init.c.obj (.text:decompress:ZI:__TI_zero_init)
                  0000a1f4    0000000c     driverlib.lib : udma.obj (.text:uDMAControlBaseSet)
                  0000a200    0000000a                   : ssi.obj (.text:SSIDataPut)
                  0000a20a    0000000a                   : ssi.obj (.text:SSIEnable)
                  0000a214    00000008     grlib.lib : charmap.obj (.text:GrMapISO8859_1_Unicode)
                  0000a21c    00000008     driverlib.lib : ssi.obj (.text:SSIBusy)
                  0000a224    00000006                   : gpio.obj (.text:GPIOPinWrite)
                  0000a22a    00000006     grlib.lib : string.obj (.text:GrContextFontSet)
                  0000a230    00000006     startup_ccs.obj (.text:ResetISR)
                  0000a236    00000006     driverlib.lib : sysctl.obj (.text:SysCtlDelay)
                  0000a23c    00000006     grlib.lib : widget.obj (.text:WidgetMutexPut)
                  0000a242    00000004               : widget.obj (.text:WidgetDefaultMsgProc)
                  0000a246    00000004     rtsv7M4_T_le_v4SPD16_eabi.lib : pre_init.c.obj (.text:_system_pre_init)
                  0000a24a    00000004                                   : exit.c.obj (.text:abort:abort)

.cinit     0    0000a250    000004f8     
                  0000a250    000004d2     (.cinit..data.load) [load image, compression = lzss]
                  0000a722    00000002     --HOLE-- [fill = 0]
                  0000a724    0000000c     (__TI_handler_table)
                  0000a730    00000008     (.cinit..bss.load) [load image, compression = zero_init]
                  0000a738    00000010     (__TI_cinit_table)

.init_array 
*          0    00000000    00000000     UNINITIALIZED

.data      0    20000000    000010d8     UNINITIALIZED
                  20000000    00000280     grlib_demo.obj (.data:g_psPushButtonIndicators)
                  20000280    00000228     grlib_demo.obj (.data:g_psSliders)
                  200004a8    00000200     grlib_demo.obj (.data:g_psPanels)
                  200006a8    000001e0     grlib_demo.obj (.data:g_psPushButtons)
                  20000888    00000180     grlib_demo.obj (.data:g_psRadioButtonIndicators)
                  20000a08    000000c0     grlib_demo.obj (.data:g_psCheckBoxIndicators)
                  20000ac8    000000c0     grlib_demo.obj (.data:g_psCheckBoxes)
                  20000b88    000000c0     grlib_demo.obj (.data:g_psRadioButtons1)
                  20000c48    000000c0     grlib_demo.obj (.data:g_psRadioButtons2)
                  20000d08    00000070     grlib_demo.obj (.data:g_psRadioContainers)
                  20000d78    00000050     grlib_demo.obj (.data:g_sNext)
                  20000dc8    00000050     grlib_demo.obj (.data:g_sPrevious)
                  20000e18    00000040     grlib_demo.obj (.data:g_sCanvas1)
                  20000e58    00000040     grlib_demo.obj (.data:g_sCanvas2)
                  20000e98    00000040     grlib_demo.obj (.data:g_sCanvas3)
                  20000ed8    00000040     grlib_demo.obj (.data:g_sIntroduction)
                  20000f18    00000040     grlib_demo.obj (.data:g_sPrimitives)
                  20000f58    00000040     grlib_demo.obj (.data:g_sSliderValueCanvas)
                  20000f98    00000040     grlib_demo.obj (.data:g_sTitle)
                  20000fd8    00000038     grlib_demo.obj (.data:g_sContainer1)
                  20001010    00000038     grlib_demo.obj (.data:g_sContainer2)
                  20001048    00000038     grlib_demo.obj (.data:g_sContainer3)
                  20001080    0000002d     grlib.lib : widget.obj (.data)
                  200010ad    00000003     --HOLE--
                  200010b0    00000024     grlib_demo.obj (.data:g_pcPanei32Names)
                  200010d4    00000004     touch.obj (.data)

.bss       0    20001400    0000059c     UNINITIALIZED
                  20001400    00000400     (.common:psDMAControlTable)
                  20001800    00000140     grlib.lib : widget.obj (.bss:g_psMQ)
                  20001940    00000020     (.common:g_pui8Dictionary)
                  20001960    00000010     touch.obj (.bss:g_pi16Samples)
                  20001970    00000008     grlib_demo.obj (.bss:pcCanvasText$1)
                  20001978    00000008     grlib_demo.obj (.bss:pcSliderText$2)
                  20001980    00000008     touch.obj (.bss)
                  20001988    00000004     (.common:g_pi32ParmSet)
                  2000198c    00000004     (.common:g_psGrLibDefaults)
                  20001990    00000004     (.common:g_ui32ButtonState)
                  20001994    00000004     (.common:g_ui32Panel)
                  20001998    00000002     (.common:g_i16TouchX)
                  2000199a    00000002     (.common:g_i16TouchY)

.stack     0    200019a0    00000400     UNINITIALIZED
                  200019a0    00000004     rtsv7M4_T_le_v4SPD16_eabi.lib : boot_cortex_m.c.obj (.stack)
                  200019a4    000003fc     --HOLE--

MODULE SUMMARY

       Module                             code    ro data   rw data
       ------                             ----    -------   -------
    .\
       images.obj                         0       9022      0      
       grlib_demo.obj                     2128    374       5308   
       startup_ccs.obj                    12      620       0      
    +--+----------------------------------+-------+---------+---------+
       Total:                             2140    10016     5308   
                                                                   
    .\drivers\
       Kentec320x240x16_ssd2119_spi.obj   2998    40        0      
       touch.obj                          976     28        36     
    +--+----------------------------------+-------+---------+---------+
       Total:                             3974    68        36     
                                                                   
    .\utils\
       ustdlib.obj                        667     0         0      
    +--+----------------------------------+-------+---------+---------+
       Total:                             667     0         0      
                                                                   
    C:/ti/tivaware_c_series_2_1_4_178/driverlib/ccs/Debug/driverlib.lib
       gpio.obj                           468     144       0      
       adc.obj                            246     0         0      
       interrupt.obj                      104     112       0      
       timer.obj                          216     0         0      
       ssi.obj                            106     0         0      
       sysctl.obj                         58      0         0      
       fpu.obj                            32      0         0      
       udma.obj                           28      0         0      
    +--+----------------------------------+-------+---------+---------+
       Total:                             1258    256       0      
                                                                   
    C:/ti/tivaware_c_series_2_1_4_178/grlib/ccs/Debug/grlib.lib
       fontcm24.obj                       0       2856      0      
       fontcm22.obj                       0       2600      0      
       fontcm20.obj                       0       2598      0      
       fontcm18.obj                       0       2358      0      
       image.obj                          1658    0         32     
       fontcm12.obj                       0       1575      0      
       string.obj                         1378    0         0      
       pushbutton.obj                     1290    0         0      
       slider.obj                         1232    0         0      
       widget.obj                         814     0         365    
       circle.obj                         844     0         0      
       checkbox.obj                       652     0         0      
       line.obj                           640     0         0      
       radiobutton.obj                    628     0         0      
       canvas.obj                         420     0         0      
       rectangle.obj                      420     0         0      
       container.obj                      360     0         0      
       context.obj                        206     16        4      
       charmap.obj                        8       0         0      
    +--+----------------------------------+-------+---------+---------+
       Total:                             10550   12003     401    
                                                                   
    C:\ti\ccs920\ccs\tools\compiler\ti-cgt-arm_18.12.3.LTS\lib\rtsv7M4_T_le_v4SPD16_eabi.lib
       memcpy_t2.asm.obj                  156     0         0      
       memset_t2.asm.obj                  122     0         0      
       copy_decompress_lzss.c.obj         104     0         0      
       autoinit.c.obj                     68      0         0      
       u_divt2.asm.obj                    64      0         0      
       boot_cortex_m.c.obj                52      0         0      
       copy_decompress_none.c.obj         14      0         0      
       copy_zero_init.c.obj               12      0         0      
       exit.c.obj                         4       0         0      
       pre_init.c.obj                     4       0         0      
       div0.asm.obj                       2       0         0      
    +--+----------------------------------+-------+---------+---------+
       Total:                             602     0         0      
                                                                   
       Stack:                             0       0         1024   
       Linker Generated:                  0       1270      0      
    +--+----------------------------------+-------+---------+---------+
       Grand Total:                       19191   23613     6769   


LINKER GENERATED COPY TABLES

__TI_cinit_table @ 0000a738 records: 2, size/record: 8, table size: 16
	.data: load addr=0000a250, load size=000004d2 bytes, run addr=20000000, run size=000010d8 bytes, compression=lzss
	.bss: load addr=0000a730, load size=00000008 bytes, run addr=20001400, run size=0000059c bytes, compression=zero_init


LINKER GENERATED HANDLER TABLE

__TI_handler_table @ 0000a724 records: 3, size/record: 4, table size: 12
	index: 0, handler: __TI_decompress_lzss
	index: 1, handler: __TI_decompress_none
	index: 2, handler: __TI_zero_init


GLOBAL SYMBOLS: SORTED ALPHABETICALLY BY Name 

address   name                          
-------   ----                          
0000a195  ADCHardwareOversampleConfigure
0000a153  ADCIntEnable                  
000098f5  ADCSequenceConfigure          
0000a1a3  ADCSequenceEnable             
00009297  ADCSequenceStepConfigure      
0000a24b  C$$EXIT                       
0000a0e1  CanvasMsgProc                 
00009df5  CheckBoxMsgProc               
00009e7f  CircularButtonMsgProc         
0000a0f5  ContainerMsgProc              
0000a165  FPUEnable                     
0000a175  FPULazyStackingEnable         
00009f87  GPIODirModeSet                
0000805d  GPIOPadConfigSet              
00009b15  GPIOPinConfigure              
0000a09d  GPIOPinTypeGPIOOutput         
0000a11d  GPIOPinTypeSSI                
0000a225  GPIOPinWrite                  
00006ccd  GrCircleDraw                  
00007dd5  GrCircleFill                  
00009599  GrContextClipRegionSet        
0000a22b  GrContextFontSet              
000093f9  GrContextInit                 
00008a5b  GrDefaultStringRenderer       
00009eab  GrFontBaselineGet             
0000a043  GrFontCodepageGet             
0000a001  GrFontGlyphDataGet            
00006617  GrFontGlyphRender             
00009ed7  GrFontHeightGet               
00009fdb  GrFontInfoGet                 
0000a1b1  GrImageDraw                   
000084f5  GrLineDraw                    
00009b5d  GrLineDrawH                   
00009ba3  GrLineDrawV                   
0000a215  GrMapISO8859_1_Unicode        
000095ff  GrRectDraw                    
00009191  GrRectFill                    
00009217  GrRectIntersectGet            
00009d1f  GrRectOverlapCheck            
0000a0b5  GrStringDraw                  
00009e23  GrStringNextCharGet           
00009461  GrStringWidthGet              
000094c9  IntEnable                     
0000574d  Kentec320x240x16_SSD2119Init  
00009665  OnButtonPress                 
00009109  OnCanvasPaint                 
00009995  OnCheckChange                 
00006ed5  OnIntroPaint                  
00008c91  OnNext                        
00008b1d  OnPrevious                    
00007f19  OnPrimitivePaint              
0000938d  OnRadioChange                 
0000907d  OnSliderChange                
00009e51  RadioButtonMsgProc            
00009f03  RectangularButtonMsgProc      
0000a231  ResetISR                      
0000a21d  SSIBusy                       
00009ca9  SSIConfigSetExpClk            
0000a12f  SSIDataGetNonBlocking         
0000a201  SSIDataPut                    
0000a20b  SSIEnable                     
00009f2f  SliderMsgProc                 
0000a237  SysCtlDelay                   
00009d8d  SysCtlPeripheralEnable        
0000972d  TimerConfigure                
0000989d  TimerControlTrigger           
0000a1bf  TimerEnable                   
0000a141  TimerLoadSet                  
0000a1dd  TouchScreenCallbackSet        
000083e1  TouchScreenInit               
00008191  TouchScreenIntHandler         
0000a061  WidgetAdd                     
0000a243  WidgetDefaultMsgProc          
000086ed  WidgetMessageQueueAdd         
000096c9  WidgetMessageQueueProcess     
00008d49  WidgetMessageSendPostOrder    
0000978d  WidgetMessageSendPreOrder     
0000a109  WidgetMutexGet                
0000a23d  WidgetMutexPut                
0000a081  WidgetPointerMessage          
000099e5  WidgetRemove                  
20001da0  __STACK_END                   
00000400  __STACK_SIZE                  
20001da0  __STACK_TOP                   
0000a738  __TI_CINIT_Base               
0000a748  __TI_CINIT_Limit              
0000a724  __TI_Handler_Table_Base       
0000a730  __TI_Handler_Table_Limit      
00009be9  __TI_auto_init_nobinit_nopinit
00009531  __TI_decompress_lzss          
0000a1cd  __TI_decompress_none          
ffffffff  __TI_pprof_out_hndl           
ffffffff  __TI_prof_data_size           
ffffffff  __TI_prof_data_start          
00000000  __TI_static_base__            
0000a1e9  __TI_zero_init                
00008b1b  __aeabi_idiv0                 
00008b1b  __aeabi_ldiv0                 
00009311  __aeabi_memclr                
00009311  __aeabi_memclr4               
00009311  __aeabi_memclr8               
00008f51  __aeabi_memcpy                
00008f51  __aeabi_memcpy4               
00008f51  __aeabi_memcpy8               
00009313  __aeabi_memset                
00009313  __aeabi_memset4               
00009313  __aeabi_memset8               
00009c2d  __aeabi_uidiv                 
00009c2d  __aeabi_uidivmod              
ffffffff  __binit__                     
ffffffff  __c_args__                    
UNDEFED   __mpu_init                    
200019a0  __stack                       
00009dc1  _c_int00_noargs               
UNDEFED   _system_post_cinit            
0000a247  _system_pre_init              
0000a24b  abort                         
ffffffff  binit                         
200010d4  g_i16TouchMin                 
20001998  g_i16TouchX                   
2000199a  g_i16TouchY                   
200010b0  g_pcPanei32Names              
00000000  g_pfnVectors                  
20001988  g_pi32ParmSet                 
00005720  g_pi32TouchParameters         
20000a08  g_psCheckBoxIndicators        
20000ac8  g_psCheckBoxes                
0000573c  g_psDefaultCodePointMapTable  
200004a8  g_psPanels                    
20000000  g_psPushButtonIndicators      
200006a8  g_psPushButtons               
20000888  g_psRadioButtonIndicators     
20000b88  g_psRadioButtons1             
20000c48  g_psRadioButtons2             
20000d08  g_psRadioContainers           
20000280  g_psSliders                   
00004a9c  g_pui8Blue50x50               
00004cac  g_pui8Blue50x50Press          
0000385b  g_pui8GettingHotter28x148     
000044bf  g_pui8GettingHotter28x148Mono 
00003035  g_pui8GreenSlider195x37       
00005032  g_pui8LightOff                
00005127  g_pui8LightOn                 
0000486c  g_pui8Logo                    
000027f8  g_pui8RedSlider195x37         
20000e18  g_sCanvas1                    
20000e58  g_sCanvas2                    
20000e98  g_sCanvas3                    
20000fd8  g_sContainer1                 
20001010  g_sContainer2                 
20001048  g_sContainer3                 
00005210  g_sFontCm12                   
000052d8  g_sFontCm18                   
000053a0  g_sFontCm20                   
00005468  g_sFontCm22                   
00005530  g_sFontCm24                   
20000ed8  g_sIntroduction               
000056f8  g_sKentec320x240x16_SSD2119   
20000d78  g_sNext                       
20000dc8  g_sPrevious                   
20000f18  g_sPrimitives                 
20001080  g_sRoot                       
20000f58  g_sSliderValueCanvas          
20000f98  g_sTitle                      
20001990  g_ui32ButtonState             
20001994  g_ui32Panel                   
0000788d  main                          
00008f51  memcpy                        
00009319  memset                        
20001400  psDMAControlTable             
0000a1f5  uDMAControlBaseSet            
0000a185  uDMAEnable                    
0000a023  usprintf                      
00009fb1  ustrncpy                      
0000686d  uvsnprintf                    


GLOBAL SYMBOLS: SORTED BY Symbol Address 

address   name                          
-------   ----                          
00000000  __TI_static_base__            
00000000  g_pfnVectors                  
00000400  __STACK_SIZE                  
000027f8  g_pui8RedSlider195x37         
00003035  g_pui8GreenSlider195x37       
0000385b  g_pui8GettingHotter28x148     
000044bf  g_pui8GettingHotter28x148Mono 
0000486c  g_pui8Logo                    
00004a9c  g_pui8Blue50x50               
00004cac  g_pui8Blue50x50Press          
00005032  g_pui8LightOff                
00005127  g_pui8LightOn                 
00005210  g_sFontCm12                   
000052d8  g_sFontCm18                   
000053a0  g_sFontCm20                   
00005468  g_sFontCm22                   
00005530  g_sFontCm24                   
000056f8  g_sKentec320x240x16_SSD2119   
00005720  g_pi32TouchParameters         
0000573c  g_psDefaultCodePointMapTable  
0000574d  Kentec320x240x16_SSD2119Init  
00006617  GrFontGlyphRender             
0000686d  uvsnprintf                    
00006ccd  GrCircleDraw                  
00006ed5  OnIntroPaint                  
0000788d  main                          
00007dd5  GrCircleFill                  
00007f19  OnPrimitivePaint              
0000805d  GPIOPadConfigSet              
00008191  TouchScreenIntHandler         
000083e1  TouchScreenInit               
000084f5  GrLineDraw                    
000086ed  WidgetMessageQueueAdd         
00008a5b  GrDefaultStringRenderer       
00008b1b  __aeabi_idiv0                 
00008b1b  __aeabi_ldiv0                 
00008b1d  OnPrevious                    
00008c91  OnNext                        
00008d49  WidgetMessageSendPostOrder    
00008f51  __aeabi_memcpy                
00008f51  __aeabi_memcpy4               
00008f51  __aeabi_memcpy8               
00008f51  memcpy                        
0000907d  OnSliderChange                
00009109  OnCanvasPaint                 
00009191  GrRectFill                    
00009217  GrRectIntersectGet            
00009297  ADCSequenceStepConfigure      
00009311  __aeabi_memclr                
00009311  __aeabi_memclr4               
00009311  __aeabi_memclr8               
00009313  __aeabi_memset                
00009313  __aeabi_memset4               
00009313  __aeabi_memset8               
00009319  memset                        
0000938d  OnRadioChange                 
000093f9  GrContextInit                 
00009461  GrStringWidthGet              
000094c9  IntEnable                     
00009531  __TI_decompress_lzss          
00009599  GrContextClipRegionSet        
000095ff  GrRectDraw                    
00009665  OnButtonPress                 
000096c9  WidgetMessageQueueProcess     
0000972d  TimerConfigure                
0000978d  WidgetMessageSendPreOrder     
0000989d  TimerControlTrigger           
000098f5  ADCSequenceConfigure          
00009995  OnCheckChange                 
000099e5  WidgetRemove                  
00009b15  GPIOPinConfigure              
00009b5d  GrLineDrawH                   
00009ba3  GrLineDrawV                   
00009be9  __TI_auto_init_nobinit_nopinit
00009c2d  __aeabi_uidiv                 
00009c2d  __aeabi_uidivmod              
00009ca9  SSIConfigSetExpClk            
00009d1f  GrRectOverlapCheck            
00009d8d  SysCtlPeripheralEnable        
00009dc1  _c_int00_noargs               
00009df5  CheckBoxMsgProc               
00009e23  GrStringNextCharGet           
00009e51  RadioButtonMsgProc            
00009e7f  CircularButtonMsgProc         
00009eab  GrFontBaselineGet             
00009ed7  GrFontHeightGet               
00009f03  RectangularButtonMsgProc      
00009f2f  SliderMsgProc                 
00009f87  GPIODirModeSet                
00009fb1  ustrncpy                      
00009fdb  GrFontInfoGet                 
0000a001  GrFontGlyphDataGet            
0000a023  usprintf                      
0000a043  GrFontCodepageGet             
0000a061  WidgetAdd                     
0000a081  WidgetPointerMessage          
0000a09d  GPIOPinTypeGPIOOutput         
0000a0b5  GrStringDraw                  
0000a0e1  CanvasMsgProc                 
0000a0f5  ContainerMsgProc              
0000a109  WidgetMutexGet                
0000a11d  GPIOPinTypeSSI                
0000a12f  SSIDataGetNonBlocking         
0000a141  TimerLoadSet                  
0000a153  ADCIntEnable                  
0000a165  FPUEnable                     
0000a175  FPULazyStackingEnable         
0000a185  uDMAEnable                    
0000a195  ADCHardwareOversampleConfigure
0000a1a3  ADCSequenceEnable             
0000a1b1  GrImageDraw                   
0000a1bf  TimerEnable                   
0000a1cd  __TI_decompress_none          
0000a1dd  TouchScreenCallbackSet        
0000a1e9  __TI_zero_init                
0000a1f5  uDMAControlBaseSet            
0000a201  SSIDataPut                    
0000a20b  SSIEnable                     
0000a215  GrMapISO8859_1_Unicode        
0000a21d  SSIBusy                       
0000a225  GPIOPinWrite                  
0000a22b  GrContextFontSet              
0000a231  ResetISR                      
0000a237  SysCtlDelay                   
0000a23d  WidgetMutexPut                
0000a243  WidgetDefaultMsgProc          
0000a247  _system_pre_init              
0000a24b  C$$EXIT                       
0000a24b  abort                         
0000a724  __TI_Handler_Table_Base       
0000a730  __TI_Handler_Table_Limit      
0000a738  __TI_CINIT_Base               
0000a748  __TI_CINIT_Limit              
20000000  g_psPushButtonIndicators      
20000280  g_psSliders                   
200004a8  g_psPanels                    
200006a8  g_psPushButtons               
20000888  g_psRadioButtonIndicators     
20000a08  g_psCheckBoxIndicators        
20000ac8  g_psCheckBoxes                
20000b88  g_psRadioButtons1             
20000c48  g_psRadioButtons2             
20000d08  g_psRadioContainers           
20000d78  g_sNext                       
20000dc8  g_sPrevious                   
20000e18  g_sCanvas1                    
20000e58  g_sCanvas2                    
20000e98  g_sCanvas3                    
20000ed8  g_sIntroduction               
20000f18  g_sPrimitives                 
20000f58  g_sSliderValueCanvas          
20000f98  g_sTitle                      
20000fd8  g_sContainer1                 
20001010  g_sContainer2                 
20001048  g_sContainer3                 
20001080  g_sRoot                       
200010b0  g_pcPanei32Names              
200010d4  g_i16TouchMin                 
20001400  psDMAControlTable             
20001988  g_pi32ParmSet                 
20001990  g_ui32ButtonState             
20001994  g_ui32Panel                   
20001998  g_i16TouchX                   
2000199a  g_i16TouchY                   
200019a0  __stack                       
20001da0  __STACK_END                   
20001da0  __STACK_TOP                   
ffffffff  __TI_pprof_out_hndl           
ffffffff  __TI_prof_data_size           
ffffffff  __TI_prof_data_start          
ffffffff  __binit__                     
ffffffff  __c_args__                    
ffffffff  binit                         
UNDEFED   __mpu_init                    
UNDEFED   _system_post_cinit            

[175 symbols]
