<?xml version="1.0" encoding="ISO-8859-1" ?>
<link_info>
   <banner>TI ARM Linker PC v18.12.3.LTS</banner>
   <copyright>Copyright (c) 1996-2018 Texas Instruments Incorporated</copyright>
   <link_time>0x5e4a0bf4</link_time>
   <link_errors>0x0</link_errors>
   <output_file>IFFF_UI.out</output_file>
   <entry_point>
      <name>_c_int00_noargs</name>
      <address>0x384d</address>
   </entry_point>
   <input_file_list>
      <input_file id="fl-2">
         <path>.\</path>
         <kind>object</kind>
         <file>IFFF_UI.obj</file>
         <name>IFFF_UI.obj</name>
      </input_file>
      <input_file id="fl-3">
         <path>.\</path>
         <kind>object</kind>
         <file>images.obj</file>
         <name>images.obj</name>
      </input_file>
      <input_file id="fl-4">
         <path>.\</path>
         <kind>object</kind>
         <file>startup_ccs.obj</file>
         <name>startup_ccs.obj</name>
      </input_file>
      <input_file id="fl-5">
         <path>.\UI\</path>
         <kind>object</kind>
         <file>UI.obj</file>
         <name>UI.obj</name>
      </input_file>
      <input_file id="fl-6">
         <path>.\drivers\</path>
         <kind>object</kind>
         <file>Kentec320x240x16_ssd2119_spi.obj</file>
         <name>Kentec320x240x16_ssd2119_spi.obj</name>
      </input_file>
      <input_file id="fl-7">
         <path>.\drivers\</path>
         <kind>object</kind>
         <file>touch.obj</file>
         <name>touch.obj</name>
      </input_file>
      <input_file id="fl-8">
         <path>.\utils\</path>
         <kind>object</kind>
         <file>ustdlib.obj</file>
         <name>ustdlib.obj</name>
      </input_file>
      <input_file id="fl-e">
         <kind>object</kind>
         <file>&lt;internal&gt;</file>
         <name>&lt;internal&gt;</name>
      </input_file>
      <input_file id="fl-c4">
         <path>C:\ti\ccs920\ccs\tools\compiler\ti-cgt-arm_18.12.3.LTS\lib\</path>
         <kind>archive</kind>
         <file>rtsv7M4_T_le_v4SPD16_eabi.lib</file>
         <name>u_divt2.asm.obj</name>
      </input_file>
      <input_file id="fl-c5">
         <path>C:\ti\ccs920\ccs\tools\compiler\ti-cgt-arm_18.12.3.LTS\lib\</path>
         <kind>archive</kind>
         <file>rtsv7M4_T_le_v4SPD16_eabi.lib</file>
         <name>copy_zero_init.c.obj</name>
      </input_file>
      <input_file id="fl-c6">
         <path>C:\ti\ccs920\ccs\tools\compiler\ti-cgt-arm_18.12.3.LTS\lib\</path>
         <kind>archive</kind>
         <file>rtsv7M4_T_le_v4SPD16_eabi.lib</file>
         <name>copy_decompress_none.c.obj</name>
      </input_file>
      <input_file id="fl-c7">
         <path>C:\ti\ccs920\ccs\tools\compiler\ti-cgt-arm_18.12.3.LTS\lib\</path>
         <kind>archive</kind>
         <file>rtsv7M4_T_le_v4SPD16_eabi.lib</file>
         <name>copy_decompress_lzss.c.obj</name>
      </input_file>
      <input_file id="fl-c8">
         <path>C:\ti\ccs920\ccs\tools\compiler\ti-cgt-arm_18.12.3.LTS\lib\</path>
         <kind>archive</kind>
         <file>rtsv7M4_T_le_v4SPD16_eabi.lib</file>
         <name>boot_cortex_m.c.obj</name>
      </input_file>
      <input_file id="fl-c9">
         <path>C:\ti\ccs920\ccs\tools\compiler\ti-cgt-arm_18.12.3.LTS\lib\</path>
         <kind>archive</kind>
         <file>rtsv7M4_T_le_v4SPD16_eabi.lib</file>
         <name>div0.asm.obj</name>
      </input_file>
      <input_file id="fl-ca">
         <path>C:\ti\ccs920\ccs\tools\compiler\ti-cgt-arm_18.12.3.LTS\lib\</path>
         <kind>archive</kind>
         <file>rtsv7M4_T_le_v4SPD16_eabi.lib</file>
         <name>memset_t2.asm.obj</name>
      </input_file>
      <input_file id="fl-cb">
         <path>C:\ti\ccs920\ccs\tools\compiler\ti-cgt-arm_18.12.3.LTS\lib\</path>
         <kind>archive</kind>
         <file>rtsv7M4_T_le_v4SPD16_eabi.lib</file>
         <name>memcpy_t2.asm.obj</name>
      </input_file>
      <input_file id="fl-cc">
         <path>C:\ti\ccs920\ccs\tools\compiler\ti-cgt-arm_18.12.3.LTS\lib\</path>
         <kind>archive</kind>
         <file>rtsv7M4_T_le_v4SPD16_eabi.lib</file>
         <name>autoinit.c.obj</name>
      </input_file>
      <input_file id="fl-cd">
         <path>C:\ti\ccs920\ccs\tools\compiler\ti-cgt-arm_18.12.3.LTS\lib\</path>
         <kind>archive</kind>
         <file>rtsv7M4_T_le_v4SPD16_eabi.lib</file>
         <name>pre_init.c.obj</name>
      </input_file>
      <input_file id="fl-ce">
         <path>C:\ti\ccs920\ccs\tools\compiler\ti-cgt-arm_18.12.3.LTS\lib\</path>
         <kind>archive</kind>
         <file>rtsv7M4_T_le_v4SPD16_eabi.lib</file>
         <name>cpy_tbl.c.obj</name>
      </input_file>
      <input_file id="fl-cf">
         <path>C:\ti\ccs920\ccs\tools\compiler\ti-cgt-arm_18.12.3.LTS\lib\</path>
         <kind>archive</kind>
         <file>rtsv7M4_T_le_v4SPD16_eabi.lib</file>
         <name>exit.c.obj</name>
      </input_file>
      <input_file id="fl-d0">
         <path>C:\ti\ccs920\ccs\tools\compiler\ti-cgt-arm_18.12.3.LTS\lib\</path>
         <kind>archive</kind>
         <file>rtsv7M4_T_le_v4SPD16_eabi.lib</file>
         <name>_lock.c.obj</name>
      </input_file>
      <input_file id="fl-d1">
         <path>C:\ti\ccs920\ccs\tools\compiler\ti-cgt-arm_18.12.3.LTS\lib\</path>
         <kind>archive</kind>
         <file>rtsv7M4_T_le_v4SPD16_eabi.lib</file>
         <name>args_main.c.obj</name>
      </input_file>
      <input_file id="fl-d2">
         <path>C:\ti\tivaware_c_series_2_1_4_178\driverlib\ccs\Debug\</path>
         <kind>archive</kind>
         <file>driverlib.lib</file>
         <name>adc.obj</name>
      </input_file>
      <input_file id="fl-d3">
         <path>C:\ti\tivaware_c_series_2_1_4_178\driverlib\ccs\Debug\</path>
         <kind>archive</kind>
         <file>driverlib.lib</file>
         <name>fpu.obj</name>
      </input_file>
      <input_file id="fl-d4">
         <path>C:\ti\tivaware_c_series_2_1_4_178\driverlib\ccs\Debug\</path>
         <kind>archive</kind>
         <file>driverlib.lib</file>
         <name>gpio.obj</name>
      </input_file>
      <input_file id="fl-d5">
         <path>C:\ti\tivaware_c_series_2_1_4_178\driverlib\ccs\Debug\</path>
         <kind>archive</kind>
         <file>driverlib.lib</file>
         <name>interrupt.obj</name>
      </input_file>
      <input_file id="fl-d6">
         <path>C:\ti\tivaware_c_series_2_1_4_178\driverlib\ccs\Debug\</path>
         <kind>archive</kind>
         <file>driverlib.lib</file>
         <name>ssi.obj</name>
      </input_file>
      <input_file id="fl-d7">
         <path>C:\ti\tivaware_c_series_2_1_4_178\driverlib\ccs\Debug\</path>
         <kind>archive</kind>
         <file>driverlib.lib</file>
         <name>sysctl.obj</name>
      </input_file>
      <input_file id="fl-d8">
         <path>C:\ti\tivaware_c_series_2_1_4_178\driverlib\ccs\Debug\</path>
         <kind>archive</kind>
         <file>driverlib.lib</file>
         <name>timer.obj</name>
      </input_file>
      <input_file id="fl-d9">
         <path>C:\ti\tivaware_c_series_2_1_4_178\driverlib\ccs\Debug\</path>
         <kind>archive</kind>
         <file>driverlib.lib</file>
         <name>udma.obj</name>
      </input_file>
      <input_file id="fl-da">
         <path>C:\ti\tivaware_c_series_2_1_4_178\driverlib\ccs\Debug\</path>
         <kind>archive</kind>
         <file>driverlib.lib</file>
         <name>cpu.obj</name>
      </input_file>
      <input_file id="fl-db">
         <path>C:\ti\tivaware_c_series_2_1_4_178\grlib\ccs\Debug\</path>
         <kind>archive</kind>
         <file>grlib.lib</file>
         <name>canvas.obj</name>
      </input_file>
      <input_file id="fl-dc">
         <path>C:\ti\tivaware_c_series_2_1_4_178\grlib\ccs\Debug\</path>
         <kind>archive</kind>
         <file>grlib.lib</file>
         <name>checkbox.obj</name>
      </input_file>
      <input_file id="fl-dd">
         <path>C:\ti\tivaware_c_series_2_1_4_178\grlib\ccs\Debug\</path>
         <kind>archive</kind>
         <file>grlib.lib</file>
         <name>container.obj</name>
      </input_file>
      <input_file id="fl-de">
         <path>C:\ti\tivaware_c_series_2_1_4_178\grlib\ccs\Debug\</path>
         <kind>archive</kind>
         <file>grlib.lib</file>
         <name>context.obj</name>
      </input_file>
      <input_file id="fl-df">
         <path>C:\ti\tivaware_c_series_2_1_4_178\grlib\ccs\Debug\</path>
         <kind>archive</kind>
         <file>grlib.lib</file>
         <name>image.obj</name>
      </input_file>
      <input_file id="fl-e0">
         <path>C:\ti\tivaware_c_series_2_1_4_178\grlib\ccs\Debug\</path>
         <kind>archive</kind>
         <file>grlib.lib</file>
         <name>line.obj</name>
      </input_file>
      <input_file id="fl-e1">
         <path>C:\ti\tivaware_c_series_2_1_4_178\grlib\ccs\Debug\</path>
         <kind>archive</kind>
         <file>grlib.lib</file>
         <name>pushbutton.obj</name>
      </input_file>
      <input_file id="fl-e2">
         <path>C:\ti\tivaware_c_series_2_1_4_178\grlib\ccs\Debug\</path>
         <kind>archive</kind>
         <file>grlib.lib</file>
         <name>radiobutton.obj</name>
      </input_file>
      <input_file id="fl-e3">
         <path>C:\ti\tivaware_c_series_2_1_4_178\grlib\ccs\Debug\</path>
         <kind>archive</kind>
         <file>grlib.lib</file>
         <name>rectangle.obj</name>
      </input_file>
      <input_file id="fl-e4">
         <path>C:\ti\tivaware_c_series_2_1_4_178\grlib\ccs\Debug\</path>
         <kind>archive</kind>
         <file>grlib.lib</file>
         <name>slider.obj</name>
      </input_file>
      <input_file id="fl-e5">
         <path>C:\ti\tivaware_c_series_2_1_4_178\grlib\ccs\Debug\</path>
         <kind>archive</kind>
         <file>grlib.lib</file>
         <name>string.obj</name>
      </input_file>
      <input_file id="fl-e6">
         <path>C:\ti\tivaware_c_series_2_1_4_178\grlib\ccs\Debug\</path>
         <kind>archive</kind>
         <file>grlib.lib</file>
         <name>widget.obj</name>
      </input_file>
      <input_file id="fl-e7">
         <path>C:\ti\tivaware_c_series_2_1_4_178\grlib\ccs\Debug\</path>
         <kind>archive</kind>
         <file>grlib.lib</file>
         <name>fontcm12.obj</name>
      </input_file>
      <input_file id="fl-e8">
         <path>C:\ti\tivaware_c_series_2_1_4_178\grlib\ccs\Debug\</path>
         <kind>archive</kind>
         <file>grlib.lib</file>
         <name>fontcm18.obj</name>
      </input_file>
      <input_file id="fl-e9">
         <path>C:\ti\tivaware_c_series_2_1_4_178\grlib\ccs\Debug\</path>
         <kind>archive</kind>
         <file>grlib.lib</file>
         <name>fontcm20.obj</name>
      </input_file>
      <input_file id="fl-ea">
         <path>C:\ti\tivaware_c_series_2_1_4_178\grlib\ccs\Debug\</path>
         <kind>archive</kind>
         <file>grlib.lib</file>
         <name>fontcm22.obj</name>
      </input_file>
      <input_file id="fl-eb">
         <path>C:\ti\tivaware_c_series_2_1_4_178\grlib\ccs\Debug\</path>
         <kind>archive</kind>
         <file>grlib.lib</file>
         <name>fontcm24.obj</name>
      </input_file>
      <input_file id="fl-ec">
         <path>C:\ti\tivaware_c_series_2_1_4_178\grlib\ccs\Debug\</path>
         <kind>archive</kind>
         <file>grlib.lib</file>
         <name>charmap.obj</name>
      </input_file>
      <input_file id="fl-ed">
         <path>C:\ti\tivaware_c_series_2_1_4_178\grlib\ccs\Debug\</path>
         <kind>archive</kind>
         <file>grlib.lib</file>
         <name>circle.obj</name>
      </input_file>
   </input_file_list>
   <object_component_list>
      <object_component id="oc-f">
         <name>.intvecs</name>
         <load_address>0x0</load_address>
         <run_address>0x0</run_address>
         <size>0x26c</size>
         <input_file_ref idref="fl-4"/>
      </object_component>
      <object_component id="oc-18e">
         <name>.text:Kentec320x240x16_SSD2119Init</name>
         <load_address>0x26c</load_address>
         <run_address>0x26c</run_address>
         <size>0x598</size>
         <input_file_ref idref="fl-6"/>
      </object_component>
      <object_component id="oc-559">
         <name>.text:InternalImageDraw</name>
         <load_address>0x804</load_address>
         <run_address>0x804</run_address>
         <size>0x374</size>
         <input_file_ref idref="fl-df"/>
      </object_component>
      <object_component id="oc-570">
         <name>.text:PixelTransparentDraw</name>
         <load_address>0xb78</load_address>
         <run_address>0xb78</run_address>
         <size>0x2f8</size>
         <input_file_ref idref="fl-df"/>
      </object_component>
      <object_component id="oc-346">
         <name>.text:GrFontGlyphRender</name>
         <load_address>0xe70</load_address>
         <run_address>0xe70</run_address>
         <size>0x254</size>
         <input_file_ref idref="fl-e5"/>
      </object_component>
      <object_component id="oc-4b2">
         <name>.text:UI_OnIntroPaint</name>
         <load_address>0x10c4</load_address>
         <run_address>0x10c4</run_address>
         <size>0x1f8</size>
         <input_file_ref idref="fl-5"/>
      </object_component>
      <object_component id="oc-4aa">
         <name>.text:UI_OnWarmUpPaint</name>
         <load_address>0x12bc</load_address>
         <run_address>0x12bc</run_address>
         <size>0x194</size>
         <input_file_ref idref="fl-5"/>
      </object_component>
      <object_component id="oc-4a2">
         <name>.text:CanvasPaint</name>
         <load_address>0x1450</load_address>
         <run_address>0x1450</run_address>
         <size>0x190</size>
         <input_file_ref idref="fl-db"/>
      </object_component>
      <object_component id="oc-86">
         <name>.text:TouchScreenDebouncer</name>
         <load_address>0x15e0</load_address>
         <run_address>0x15e0</run_address>
         <size>0x180</size>
         <input_file_ref idref="fl-7"/>
      </object_component>
      <object_component id="oc-488">
         <name>.text:RectangularButtonPaint</name>
         <load_address>0x1760</load_address>
         <run_address>0x1760</run_address>
         <size>0x17e</size>
         <input_file_ref idref="fl-e1"/>
      </object_component>
      <object_component id="oc-298">
         <name>.text:Kentec320x240x16_SSD2119PixelDrawMultiple</name>
         <load_address>0x18de</load_address>
         <run_address>0x18de</run_address>
         <size>0x14a</size>
         <input_file_ref idref="fl-6"/>
      </object_component>
      <object_component id="oc-29e">
         <name>.text:Kentec320x240x16_SSD2119LineDrawH</name>
         <load_address>0x1a28</load_address>
         <run_address>0x1a28</run_address>
         <size>0x148</size>
         <input_file_ref idref="fl-6"/>
      </object_component>
      <object_component id="oc-439">
         <name>.text:GPIOPadConfigSet</name>
         <load_address>0x1b70</load_address>
         <run_address>0x1b70</run_address>
         <size>0x132</size>
         <input_file_ref idref="fl-d4"/>
      </object_component>
      <object_component id="oc-30">
         <name>.text:FaultISR</name>
         <load_address>0x1ca2</load_address>
         <run_address>0x1ca2</run_address>
         <size>0x2</size>
         <input_file_ref idref="fl-4"/>
      </object_component>
      <object_component id="oc-3c">
         <name>.text:TouchScreenIntHandler</name>
         <load_address>0x1ca4</load_address>
         <run_address>0x1ca4</run_address>
         <size>0x130</size>
         <input_file_ref idref="fl-7"/>
      </object_component>
      <object_component id="oc-2aa">
         <name>.text:Kentec320x240x16_SSD2119RectFill</name>
         <load_address>0x1dd4</load_address>
         <run_address>0x1dd4</run_address>
         <size>0x120</size>
         <input_file_ref idref="fl-6"/>
      </object_component>
      <object_component id="oc-261">
         <name>.text:TouchScreenInit</name>
         <load_address>0x1ef4</load_address>
         <run_address>0x1ef4</run_address>
         <size>0x114</size>
         <input_file_ref idref="fl-7"/>
      </object_component>
      <object_component id="oc-543">
         <name>.text:GrLineDraw</name>
         <load_address>0x2008</load_address>
         <run_address>0x2008</run_address>
         <size>0x106</size>
         <input_file_ref idref="fl-e0"/>
      </object_component>
      <object_component id="oc-48e">
         <name>.text:RectangularButtonClick</name>
         <load_address>0x210e</load_address>
         <run_address>0x210e</run_address>
         <size>0xf2</size>
         <input_file_ref idref="fl-e1"/>
      </object_component>
      <object_component id="oc-273">
         <name>.text:WidgetMessageQueueAdd</name>
         <load_address>0x2200</load_address>
         <run_address>0x2200</run_address>
         <size>0xe8</size>
         <input_file_ref idref="fl-e6"/>
      </object_component>
      <object_component id="oc-1fe">
         <name>.text:InitSPILCDInterface</name>
         <load_address>0x22e8</load_address>
         <run_address>0x22e8</run_address>
         <size>0xdc</size>
         <input_file_ref idref="fl-6"/>
      </object_component>
      <object_component id="oc-224">
         <name>.text:GrDefaultStringRenderer</name>
         <load_address>0x23c4</load_address>
         <run_address>0x23c4</run_address>
         <size>0xc0</size>
         <input_file_ref idref="fl-e5"/>
      </object_component>
      <object_component id="oc-3de">
         <name>.text:UI_OnPrevious</name>
         <load_address>0x2484</load_address>
         <run_address>0x2484</run_address>
         <size>0xbc</size>
         <input_file_ref idref="fl-5"/>
      </object_component>
      <object_component id="oc-563">
         <name>.text:GrLineClip</name>
         <load_address>0x2540</load_address>
         <run_address>0x2540</run_address>
         <size>0xb8</size>
         <input_file_ref idref="fl-e0"/>
      </object_component>
      <object_component id="oc-3ee">
         <name>.text:UI_OnNext</name>
         <load_address>0x25f8</load_address>
         <run_address>0x25f8</run_address>
         <size>0xb8</size>
         <input_file_ref idref="fl-5"/>
      </object_component>
      <object_component id="oc-1c9">
         <name>.text:WidgetMessageSendPostOrder</name>
         <load_address>0x26b0</load_address>
         <run_address>0x26b0</run_address>
         <size>0xb4</size>
         <input_file_ref idref="fl-e6"/>
      </object_component>
      <object_component id="oc-2a4">
         <name>.text:Kentec320x240x16_SSD2119LineDrawV</name>
         <load_address>0x2764</load_address>
         <run_address>0x2764</run_address>
         <size>0xa4</size>
         <input_file_ref idref="fl-6"/>
      </object_component>
      <object_component id="oc-19a">
         <name>.text:UI_GenerateHeader</name>
         <load_address>0x2808</load_address>
         <run_address>0x2808</run_address>
         <size>0xa4</size>
         <input_file_ref idref="fl-5"/>
      </object_component>
      <object_component id="oc-50">
         <name>.text</name>
         <load_address>0x28ac</load_address>
         <run_address>0x28ac</run_address>
         <size>0x9c</size>
         <input_file_ref idref="fl-cb"/>
      </object_component>
      <object_component id="oc-231">
         <name>.text:GrRectFill</name>
         <load_address>0x2948</load_address>
         <run_address>0x2948</run_address>
         <size>0x86</size>
         <input_file_ref idref="fl-e3"/>
      </object_component>
      <object_component id="oc-36">
         <name>.text:IntDefaultHandler</name>
         <load_address>0x29ce</load_address>
         <run_address>0x29ce</run_address>
         <size>0x2</size>
         <input_file_ref idref="fl-4"/>
      </object_component>
      <object_component id="oc-4e2">
         <name>.text:UI_OnMemCompletePaint</name>
         <load_address>0x29d0</load_address>
         <run_address>0x29d0</run_address>
         <size>0x7c</size>
         <input_file_ref idref="fl-5"/>
      </object_component>
      <object_component id="oc-4fa">
         <name>.text:UI_OnMotorColPaint</name>
         <load_address>0x2a4c</load_address>
         <run_address>0x2a4c</run_address>
         <size>0x7c</size>
         <input_file_ref idref="fl-5"/>
      </object_component>
      <object_component id="oc-502">
         <name>.text:UI_OnMotorCompletePaint</name>
         <load_address>0x2ac8</load_address>
         <run_address>0x2ac8</run_address>
         <size>0x7c</size>
         <input_file_ref idref="fl-5"/>
      </object_component>
      <object_component id="oc-4da">
         <name>.text:UI_OnTransferPaint</name>
         <load_address>0x2b44</load_address>
         <run_address>0x2b44</run_address>
         <size>0x7c</size>
         <input_file_ref idref="fl-5"/>
      </object_component>
      <object_component id="oc-394">
         <name>.text:ADCSequenceStepConfigure</name>
         <load_address>0x2bc0</load_address>
         <run_address>0x2bc0</run_address>
         <size>0x7a</size>
         <input_file_ref idref="fl-d2"/>
      </object_component>
      <object_component id="oc-b5">
         <name>.text</name>
         <load_address>0x2c3a</load_address>
         <run_address>0x2c3a</run_address>
         <size>0x7a</size>
         <input_file_ref idref="fl-ca"/>
      </object_component>
      <object_component id="oc-4d2">
         <name>.text:UI_OnFileSelPaint</name>
         <load_address>0x2cb4</load_address>
         <run_address>0x2cb4</run_address>
         <size>0x78</size>
         <input_file_ref idref="fl-5"/>
      </object_component>
      <object_component id="oc-4ca">
         <name>.text:UI_OnFilesystemPaint</name>
         <load_address>0x2d2c</load_address>
         <run_address>0x2d2c</run_address>
         <size>0x78</size>
         <input_file_ref idref="fl-5"/>
      </object_component>
      <object_component id="oc-4c2">
         <name>.text:UI_OnMemTestPaint</name>
         <load_address>0x2da4</load_address>
         <run_address>0x2da4</run_address>
         <size>0x78</size>
         <input_file_ref idref="fl-5"/>
      </object_component>
      <object_component id="oc-4f2">
         <name>.text:UI_OnMotorGoPaint</name>
         <load_address>0x2e1c</load_address>
         <run_address>0x2e1c</run_address>
         <size>0x78</size>
         <input_file_ref idref="fl-5"/>
      </object_component>
      <object_component id="oc-4ea">
         <name>.text:UI_OnMotorTestPaint</name>
         <load_address>0x2e94</load_address>
         <run_address>0x2e94</run_address>
         <size>0x78</size>
         <input_file_ref idref="fl-5"/>
      </object_component>
      <object_component id="oc-4ba">
         <name>.text:UI_OnTestMenuPaint</name>
         <load_address>0x2f0c</load_address>
         <run_address>0x2f0c</run_address>
         <size>0x78</size>
         <input_file_ref idref="fl-5"/>
      </object_component>
      <object_component id="oc-1b3">
         <name>.text:UI_InitWidgetsIntegrationTest</name>
         <load_address>0x2f84</load_address>
         <run_address>0x2f84</run_address>
         <size>0x70</size>
         <input_file_ref idref="fl-5"/>
      </object_component>
      <object_component id="oc-194">
         <name>.text:GrContextInit</name>
         <load_address>0x2ff4</load_address>
         <run_address>0x2ff4</run_address>
         <size>0x68</size>
         <input_file_ref idref="fl-de"/>
      </object_component>
      <object_component id="oc-243">
         <name>.text:GrStringWidthGet</name>
         <load_address>0x305c</load_address>
         <run_address>0x305c</run_address>
         <size>0x68</size>
         <input_file_ref idref="fl-e5"/>
      </object_component>
      <object_component id="oc-3a6">
         <name>.text:IntEnable</name>
         <load_address>0x30c4</load_address>
         <run_address>0x30c4</run_address>
         <size>0x68</size>
         <input_file_ref idref="fl-d5"/>
      </object_component>
      <object_component id="oc-12">
         <name>.text:decompress:lzss:__TI_decompress_lzss</name>
         <load_address>0x312c</load_address>
         <run_address>0x312c</run_address>
         <size>0x68</size>
         <input_file_ref idref="fl-c7"/>
      </object_component>
      <object_component id="oc-524">
         <name>.text:GrContextClipRegionSet</name>
         <load_address>0x3194</load_address>
         <run_address>0x3194</run_address>
         <size>0x66</size>
         <input_file_ref idref="fl-de"/>
      </object_component>
      <object_component id="oc-237">
         <name>.text:GrRectDraw</name>
         <load_address>0x31fa</load_address>
         <run_address>0x31fa</run_address>
         <size>0x66</size>
         <input_file_ref idref="fl-e3"/>
      </object_component>
      <object_component id="oc-107">
         <name>.text:UI_Init</name>
         <load_address>0x3260</load_address>
         <run_address>0x3260</run_address>
         <size>0x64</size>
         <input_file_ref idref="fl-5"/>
      </object_component>
      <object_component id="oc-10d">
         <name>.text:WidgetMessageQueueProcess</name>
         <load_address>0x32c4</load_address>
         <run_address>0x32c4</run_address>
         <size>0x64</size>
         <input_file_ref idref="fl-e6"/>
      </object_component>
      <object_component id="oc-3ac">
         <name>.text:TimerConfigure</name>
         <load_address>0x3328</load_address>
         <run_address>0x3328</run_address>
         <size>0x60</size>
         <input_file_ref idref="fl-d8"/>
      </object_component>
      <object_component id="oc-1c3">
         <name>.text:WidgetMessageSendPreOrder</name>
         <load_address>0x3388</load_address>
         <run_address>0x3388</run_address>
         <size>0x5e</size>
         <input_file_ref idref="fl-e6"/>
      </object_component>
      <object_component id="oc-454">
         <name>.text:FontWideGlyphDataGet</name>
         <load_address>0x33e6</load_address>
         <run_address>0x33e6</run_address>
         <size>0x5a</size>
         <input_file_ref idref="fl-e5"/>
      </object_component>
      <object_component id="oc-3b8">
         <name>.text:TimerControlTrigger</name>
         <load_address>0x3440</load_address>
         <run_address>0x3440</run_address>
         <size>0x58</size>
         <input_file_ref idref="fl-d8"/>
      </object_component>
      <object_component id="oc-38e">
         <name>.text:ADCSequenceConfigure</name>
         <load_address>0x3498</load_address>
         <run_address>0x3498</run_address>
         <size>0x50</size>
         <input_file_ref idref="fl-d2"/>
      </object_component>
      <object_component id="oc-49b">
         <name>.text:WidgetRemove</name>
         <load_address>0x34e8</load_address>
         <run_address>0x34e8</run_address>
         <size>0x4c</size>
         <input_file_ref idref="fl-e6"/>
      </object_component>
      <object_component id="oc-20a">
         <name>.text:WriteCommandSPI</name>
         <load_address>0x3534</load_address>
         <run_address>0x3534</run_address>
         <size>0x4c</size>
         <input_file_ref idref="fl-6"/>
      </object_component>
      <object_component id="oc-210">
         <name>.text:WriteDataSPI</name>
         <load_address>0x3580</load_address>
         <run_address>0x3580</run_address>
         <size>0x4c</size>
         <input_file_ref idref="fl-6"/>
      </object_component>
      <object_component id="oc-368">
         <name>.text:UpdateContextCharMapping</name>
         <load_address>0x35cc</load_address>
         <run_address>0x35cc</run_address>
         <size>0x4a</size>
         <input_file_ref idref="fl-e5"/>
      </object_component>
      <object_component id="oc-2b6">
         <name>.text:Kentec320x240x16_SSD2119Flush</name>
         <load_address>0x3616</load_address>
         <run_address>0x3616</run_address>
         <size>0x2</size>
         <input_file_ref idref="fl-6"/>
      </object_component>
      <object_component id="oc-30c">
         <name>.text:GPIOPinConfigure</name>
         <load_address>0x3618</load_address>
         <run_address>0x3618</run_address>
         <size>0x48</size>
         <input_file_ref idref="fl-d4"/>
      </object_component>
      <object_component id="oc-35b">
         <name>.text:GrLineDrawH</name>
         <load_address>0x3660</load_address>
         <run_address>0x3660</run_address>
         <size>0x46</size>
         <input_file_ref idref="fl-e0"/>
      </object_component>
      <object_component id="oc-361">
         <name>.text:GrLineDrawV</name>
         <load_address>0x36a6</load_address>
         <run_address>0x36a6</run_address>
         <size>0x46</size>
         <input_file_ref idref="fl-e0"/>
      </object_component>
      <object_component id="oc-120">
         <name>.text:__TI_auto_init_nobinit_nopinit:__TI_auto_init_nobinit_nopinit</name>
         <load_address>0x36ec</load_address>
         <run_address>0x36ec</run_address>
         <size>0x44</size>
         <input_file_ref idref="fl-cc"/>
      </object_component>
      <object_component id="oc-292">
         <name>.text:Kentec320x240x16_SSD2119PixelDraw</name>
         <load_address>0x3730</load_address>
         <run_address>0x3730</run_address>
         <size>0x3c</size>
         <input_file_ref idref="fl-6"/>
      </object_component>
      <object_component id="oc-318">
         <name>.text:SSIConfigSetExpClk</name>
         <load_address>0x376c</load_address>
         <run_address>0x376c</run_address>
         <size>0x3c</size>
         <input_file_ref idref="fl-d6"/>
      </object_component>
      <object_component id="oc-45a">
         <name>.text:FontGlyphDataGet</name>
         <load_address>0x37a8</load_address>
         <run_address>0x37a8</run_address>
         <size>0x3a</size>
         <input_file_ref idref="fl-e5"/>
      </object_component>
      <object_component id="oc-57a">
         <name>.text:GrClipCodeGet</name>
         <load_address>0x37e2</load_address>
         <run_address>0x37e2</run_address>
         <size>0x36</size>
         <input_file_ref idref="fl-e0"/>
      </object_component>
      <object_component id="oc-1a0">
         <name>.text:SysCtlPeripheralEnable</name>
         <load_address>0x3818</load_address>
         <run_address>0x3818</run_address>
         <size>0x34</size>
         <input_file_ref idref="fl-d7"/>
      </object_component>
      <object_component id="oc-6e">
         <name>.text:_c_int00_noargs:_c_int00_noargs</name>
         <load_address>0x384c</load_address>
         <run_address>0x384c</run_address>
         <size>0x34</size>
         <input_file_ref idref="fl-c8"/>
      </object_component>
      <object_component id="oc-33a">
         <name>.text:GrStringNextCharGet</name>
         <load_address>0x3880</load_address>
         <run_address>0x3880</run_address>
         <size>0x2e</size>
         <input_file_ref idref="fl-e5"/>
      </object_component>
      <object_component id="oc-249">
         <name>.text:GrFontBaselineGet</name>
         <load_address>0x38ae</load_address>
         <run_address>0x38ae</run_address>
         <size>0x2c</size>
         <input_file_ref idref="fl-e5"/>
      </object_component>
      <object_component id="oc-53c">
         <name>.text:GrFontHeightGet</name>
         <load_address>0x38da</load_address>
         <run_address>0x38da</run_address>
         <size>0x2c</size>
         <input_file_ref idref="fl-e5"/>
      </object_component>
      <object_component id="oc-3d1">
         <name>.text:RectangularButtonMsgProc</name>
         <load_address>0x3906</load_address>
         <run_address>0x3906</run_address>
         <size>0x2c</size>
         <input_file_ref idref="fl-e1"/>
      </object_component>
      <object_component id="oc-2c3">
         <name>.text:WidgetIsInTree</name>
         <load_address>0x3932</load_address>
         <run_address>0x3932</run_address>
         <size>0x2c</size>
         <input_file_ref idref="fl-e6"/>
      </object_component>
      <object_component id="oc-43f">
         <name>.text:GPIODirModeSet</name>
         <load_address>0x395e</load_address>
         <run_address>0x395e</run_address>
         <size>0x2a</size>
         <input_file_ref idref="fl-d4"/>
      </object_component>
      <object_component id="oc-334">
         <name>.text:GrFontInfoGet</name>
         <load_address>0x3988</load_address>
         <run_address>0x3988</run_address>
         <size>0x26</size>
         <input_file_ref idref="fl-e5"/>
      </object_component>
      <object_component id="oc-340">
         <name>.text:GrFontGlyphDataGet</name>
         <load_address>0x39ae</load_address>
         <run_address>0x39ae</run_address>
         <size>0x22</size>
         <input_file_ref idref="fl-e5"/>
      </object_component>
      <object_component id="oc-46b">
         <name>.text:GrFontCodepageGet</name>
         <load_address>0x39d0</load_address>
         <run_address>0x39d0</run_address>
         <size>0x1e</size>
         <input_file_ref idref="fl-e5"/>
      </object_component>
      <object_component id="oc-26d">
         <name>.text:WidgetAdd</name>
         <load_address>0x39ee</load_address>
         <run_address>0x39ee</run_address>
         <size>0x1e</size>
         <input_file_ref idref="fl-e6"/>
      </object_component>
      <object_component id="oc-279">
         <name>.text:WidgetPointerMessage</name>
         <load_address>0x3a0c</load_address>
         <run_address>0x3a0c</run_address>
         <size>0x1c</size>
         <input_file_ref idref="fl-e6"/>
      </object_component>
      <object_component id="oc-306">
         <name>.text:GPIOPinTypeGPIOOutput</name>
         <load_address>0x3a28</load_address>
         <run_address>0x3a28</run_address>
         <size>0x18</size>
         <input_file_ref idref="fl-d4"/>
      </object_component>
      <object_component id="oc-24f">
         <name>.text:GrStringDraw</name>
         <load_address>0x3a40</load_address>
         <run_address>0x3a40</run_address>
         <size>0x16</size>
         <input_file_ref idref="fl-e5"/>
      </object_component>
      <object_component id="oc-2b0">
         <name>.text:Kentec320x240x16_SSD2119ColorTranslate</name>
         <load_address>0x3a56</load_address>
         <run_address>0x3a56</run_address>
         <size>0x16</size>
         <input_file_ref idref="fl-6"/>
      </object_component>
      <object_component id="oc-3e6">
         <name>.text:CanvasMsgProc</name>
         <load_address>0x3a6c</load_address>
         <run_address>0x3a6c</run_address>
         <size>0x14</size>
         <input_file_ref idref="fl-db"/>
      </object_component>
      <object_component id="oc-3c8">
         <name>.text:WidgetMutexGet</name>
         <load_address>0x3a80</load_address>
         <run_address>0x3a80</run_address>
         <size>0x14</size>
         <input_file_ref idref="fl-e6"/>
      </object_component>
      <object_component id="oc-312">
         <name>.text:GPIOPinTypeSSI</name>
         <load_address>0x3a94</load_address>
         <run_address>0x3a94</run_address>
         <size>0x12</size>
         <input_file_ref idref="fl-d4"/>
      </object_component>
      <object_component id="oc-324">
         <name>.text:SSIDataGetNonBlocking</name>
         <load_address>0x3aa6</load_address>
         <run_address>0x3aa6</run_address>
         <size>0x12</size>
         <input_file_ref idref="fl-d6"/>
      </object_component>
      <object_component id="oc-3b2">
         <name>.text:TimerLoadSet</name>
         <load_address>0x3ab8</load_address>
         <run_address>0x3ab8</run_address>
         <size>0x12</size>
         <input_file_ref idref="fl-d8"/>
      </object_component>
      <object_component id="oc-3a0">
         <name>.text:ADCIntEnable</name>
         <load_address>0x3aca</load_address>
         <run_address>0x3aca</run_address>
         <size>0x10</size>
         <input_file_ref idref="fl-d2"/>
      </object_component>
      <object_component id="oc-2a">
         <name>.text:NmiSR</name>
         <load_address>0x3ada</load_address>
         <run_address>0x3ada</run_address>
         <size>0x2</size>
         <input_file_ref idref="fl-4"/>
      </object_component>
      <object_component id="oc-182">
         <name>.text:FPUEnable</name>
         <load_address>0x3adc</load_address>
         <run_address>0x3adc</run_address>
         <size>0x10</size>
         <input_file_ref idref="fl-d3"/>
      </object_component>
      <object_component id="oc-188">
         <name>.text:FPULazyStackingEnable</name>
         <load_address>0x3aec</load_address>
         <run_address>0x3aec</run_address>
         <size>0x10</size>
         <input_file_ref idref="fl-d3"/>
      </object_component>
      <object_component id="oc-1ad">
         <name>.text:uDMAEnable</name>
         <load_address>0x3afc</load_address>
         <run_address>0x3afc</run_address>
         <size>0x10</size>
         <input_file_ref idref="fl-d9"/>
      </object_component>
      <object_component id="oc-388">
         <name>.text:ADCHardwareOversampleConfigure</name>
         <load_address>0x3b0c</load_address>
         <run_address>0x3b0c</run_address>
         <size>0xe</size>
         <input_file_ref idref="fl-d2"/>
      </object_component>
      <object_component id="oc-39a">
         <name>.text:ADCSequenceEnable</name>
         <load_address>0x3b1a</load_address>
         <run_address>0x3b1a</run_address>
         <size>0xe</size>
         <input_file_ref idref="fl-d2"/>
      </object_component>
      <object_component id="oc-52a">
         <name>.text:GrImageDraw</name>
         <load_address>0x3b28</load_address>
         <run_address>0x3b28</run_address>
         <size>0xe</size>
         <input_file_ref idref="fl-df"/>
      </object_component>
      <object_component id="oc-3be">
         <name>.text:TimerEnable</name>
         <load_address>0x3b36</load_address>
         <run_address>0x3b36</run_address>
         <size>0xe</size>
         <input_file_ref idref="fl-d8"/>
      </object_component>
      <object_component id="oc-18">
         <name>.text:decompress:none:__TI_decompress_none</name>
         <load_address>0x3b44</load_address>
         <run_address>0x3b44</run_address>
         <size>0xe</size>
         <input_file_ref idref="fl-c6"/>
      </object_component>
      <object_component id="oc-267">
         <name>.text:TouchScreenCallbackSet</name>
         <load_address>0x3b54</load_address>
         <run_address>0x3b54</run_address>
         <size>0xc</size>
         <input_file_ref idref="fl-7"/>
      </object_component>
      <object_component id="oc-62">
         <name>.text:decompress:ZI:__TI_zero_init</name>
         <load_address>0x3b60</load_address>
         <run_address>0x3b60</run_address>
         <size>0xc</size>
         <input_file_ref idref="fl-c5"/>
      </object_component>
      <object_component id="oc-c1">
         <name>.text:main</name>
         <load_address>0x3b6c</load_address>
         <run_address>0x3b6c</run_address>
         <size>0xc</size>
         <input_file_ref idref="fl-2"/>
      </object_component>
      <object_component id="oc-1a7">
         <name>.text:uDMAControlBaseSet</name>
         <load_address>0x3b78</load_address>
         <run_address>0x3b78</run_address>
         <size>0xc</size>
         <input_file_ref idref="fl-d9"/>
      </object_component>
      <object_component id="oc-216">
         <name>.text:SSIDataPut</name>
         <load_address>0x3b84</load_address>
         <run_address>0x3b84</run_address>
         <size>0xa</size>
         <input_file_ref idref="fl-d6"/>
      </object_component>
      <object_component id="oc-31e">
         <name>.text:SSIEnable</name>
         <load_address>0x3b8e</load_address>
         <run_address>0x3b8e</run_address>
         <size>0xa</size>
         <input_file_ref idref="fl-d6"/>
      </object_component>
      <object_component id="oc-34f">
         <name>.text:GrMapISO8859_1_Unicode</name>
         <load_address>0x3b98</load_address>
         <run_address>0x3b98</run_address>
         <size>0x8</size>
         <input_file_ref idref="fl-ec"/>
      </object_component>
      <object_component id="oc-21c">
         <name>.text:SSIBusy</name>
         <load_address>0x3ba0</load_address>
         <run_address>0x3ba0</run_address>
         <size>0x8</size>
         <input_file_ref idref="fl-d6"/>
      </object_component>
      <object_component id="oc-204">
         <name>.text:GPIOPinWrite</name>
         <load_address>0x3ba8</load_address>
         <run_address>0x3ba8</run_address>
         <size>0x6</size>
         <input_file_ref idref="fl-d4"/>
      </object_component>
      <object_component id="oc-23d">
         <name>.text:GrContextFontSet</name>
         <load_address>0x3bae</load_address>
         <run_address>0x3bae</run_address>
         <size>0x6</size>
         <input_file_ref idref="fl-e5"/>
      </object_component>
      <object_component id="oc-24">
         <name>.text:ResetISR</name>
         <load_address>0x3bb4</load_address>
         <run_address>0x3bb4</run_address>
         <size>0x6</size>
         <input_file_ref idref="fl-4"/>
      </object_component>
      <object_component id="oc-1a6">
         <name>.text:SysCtlDelay</name>
         <load_address>0x3bba</load_address>
         <run_address>0x3bba</run_address>
         <size>0x6</size>
         <input_file_ref idref="fl-d7"/>
      </object_component>
      <object_component id="oc-3c9">
         <name>.text:WidgetMutexPut</name>
         <load_address>0x3bc0</load_address>
         <run_address>0x3bc0</run_address>
         <size>0x6</size>
         <input_file_ref idref="fl-e6"/>
      </object_component>
      <object_component id="oc-2ca">
         <name>.text:WidgetDefaultMsgProc</name>
         <load_address>0x3bc6</load_address>
         <run_address>0x3bc6</run_address>
         <size>0x4</size>
         <input_file_ref idref="fl-e6"/>
      </object_component>
      <object_component id="oc-bb">
         <name>.text:_system_pre_init</name>
         <load_address>0x3bca</load_address>
         <run_address>0x3bca</run_address>
         <size>0x4</size>
         <input_file_ref idref="fl-cd"/>
      </object_component>
      <object_component id="oc-114">
         <name>.text:abort:abort</name>
         <load_address>0x3bce</load_address>
         <run_address>0x3bce</run_address>
         <size>0x4</size>
         <input_file_ref idref="fl-cf"/>
      </object_component>
      <object_component id="oc-374">
         <name>.const:.string:g_pui8Cm20Data</name>
         <load_address>0x3bd4</load_address>
         <run_address>0x3bd4</run_address>
         <size>0x95e</size>
         <input_file_ref idref="fl-e9"/>
      </object_component>
      <object_component id="oc-56a">
         <name>.const:.string:g_pui8Cm18Data</name>
         <load_address>0x4532</load_address>
         <run_address>0x4532</run_address>
         <size>0x86e</size>
         <input_file_ref idref="fl-e8"/>
      </object_component>
      <object_component id="oc-3d8">
         <name>.const:.string:g_pui8Blue50x50</name>
         <load_address>0x4da0</load_address>
         <run_address>0x4da0</run_address>
         <size>0x210</size>
         <input_file_ref idref="fl-3"/>
      </object_component>
      <object_component id="oc-3db">
         <name>.const:.string:g_pui8Blue50x50Press</name>
         <load_address>0x4fb0</load_address>
         <run_address>0x4fb0</run_address>
         <size>0x20e</size>
         <input_file_ref idref="fl-3"/>
      </object_component>
      <object_component id="oc-3d7">
         <name>.const:.string</name>
         <load_address>0x51c0</load_address>
         <run_address>0x51c0</run_address>
         <size>0xf6</size>
         <input_file_ref idref="fl-5"/>
      </object_component>
      <object_component id="oc-54a">
         <name>.const:g_sFontCm18</name>
         <load_address>0x52b8</load_address>
         <run_address>0x52b8</run_address>
         <size>0xc8</size>
         <input_file_ref idref="fl-e8"/>
      </object_component>
      <object_component id="oc-258">
         <name>.const:g_sFontCm20</name>
         <load_address>0x5380</load_address>
         <run_address>0x5380</run_address>
         <size>0xc8</size>
         <input_file_ref idref="fl-e9"/>
      </object_component>
      <object_component id="oc-446">
         <name>.const:g_pui32GPIOBaseAddrs</name>
         <load_address>0x5448</load_address>
         <run_address>0x5448</run_address>
         <size>0x90</size>
         <input_file_ref idref="fl-d4"/>
      </object_component>
      <object_component id="oc-47d">
         <name>.const</name>
         <load_address>0x54d8</load_address>
         <run_address>0x54d8</run_address>
         <size>0x70</size>
         <input_file_ref idref="fl-d5"/>
      </object_component>
      <object_component id="oc-1b9">
         <name>.const:g_sKentec320x240x16_SSD2119</name>
         <load_address>0x5548</load_address>
         <run_address>0x5548</run_address>
         <size>0x28</size>
         <input_file_ref idref="fl-6"/>
      </object_component>
      <object_component id="oc-d3">
         <name>.const:g_pi32TouchParameters</name>
         <load_address>0x5570</load_address>
         <run_address>0x5570</run_address>
         <size>0x1c</size>
         <input_file_ref idref="fl-7"/>
      </object_component>
      <object_component id="oc-22a">
         <name>.const</name>
         <load_address>0x558c</load_address>
         <run_address>0x558c</run_address>
         <size>0x10</size>
         <input_file_ref idref="fl-de"/>
      </object_component>
      <object_component id="oc-5b0">
         <name>.cinit..data.load</name>
         <load_address>0x55a0</load_address>
         <run_address>0x55a0</run_address>
         <size>0x149</size>
      </object_component>
      <object_component id="oc-5ae">
         <name>__TI_handler_table</name>
         <load_address>0x56ec</load_address>
         <run_address>0x56ec</run_address>
         <size>0xc</size>
      </object_component>
      <object_component id="oc-5b1">
         <name>.cinit..bss.load</name>
         <load_address>0x56f8</load_address>
         <run_address>0x56f8</run_address>
         <size>0x8</size>
      </object_component>
      <object_component id="oc-5af">
         <name>__TI_cinit_table</name>
         <load_address>0x5700</load_address>
         <run_address>0x5700</run_address>
         <size>0x10</size>
      </object_component>
      <object_component id="oc-28e">
         <name>.data:g_pcPanei32NamesUI</name>
         <load_address>0x200006e0</load_address>
         <run_address>0x200006e0</run_address>
         <size>0x34</size>
         <input_file_ref idref="fl-5"/>
      </object_component>
      <object_component id="oc-3f8">
         <name>.data:g_sWarmUp</name>
         <load_address>0x200006a0</load_address>
         <run_address>0x200006a0</run_address>
         <size>0x40</size>
         <input_file_ref idref="fl-5"/>
      </object_component>
      <object_component id="oc-3fb">
         <name>.data:g_sIntro</name>
         <load_address>0x20000420</load_address>
         <run_address>0x20000420</run_address>
         <size>0x40</size>
         <input_file_ref idref="fl-5"/>
      </object_component>
      <object_component id="oc-3fe">
         <name>.data:g_sTestMenu</name>
         <load_address>0x200005e0</load_address>
         <run_address>0x200005e0</run_address>
         <size>0x40</size>
         <input_file_ref idref="fl-5"/>
      </object_component>
      <object_component id="oc-401">
         <name>.data:g_sMemTest</name>
         <load_address>0x200004a0</load_address>
         <run_address>0x200004a0</run_address>
         <size>0x40</size>
         <input_file_ref idref="fl-5"/>
      </object_component>
      <object_component id="oc-404">
         <name>.data:g_sFilesystem</name>
         <load_address>0x200003e0</load_address>
         <run_address>0x200003e0</run_address>
         <size>0x40</size>
         <input_file_ref idref="fl-5"/>
      </object_component>
      <object_component id="oc-407">
         <name>.data:g_sFileSel</name>
         <load_address>0x200003a0</load_address>
         <run_address>0x200003a0</run_address>
         <size>0x40</size>
         <input_file_ref idref="fl-5"/>
      </object_component>
      <object_component id="oc-40a">
         <name>.data:g_sTransfer</name>
         <load_address>0x20000660</load_address>
         <run_address>0x20000660</run_address>
         <size>0x40</size>
         <input_file_ref idref="fl-5"/>
      </object_component>
      <object_component id="oc-40d">
         <name>.data:g_sMemComplete</name>
         <load_address>0x20000460</load_address>
         <run_address>0x20000460</run_address>
         <size>0x40</size>
         <input_file_ref idref="fl-5"/>
      </object_component>
      <object_component id="oc-410">
         <name>.data:g_sMotorTest</name>
         <load_address>0x200005a0</load_address>
         <run_address>0x200005a0</run_address>
         <size>0x40</size>
         <input_file_ref idref="fl-5"/>
      </object_component>
      <object_component id="oc-413">
         <name>.data:g_sMotorGo</name>
         <load_address>0x20000560</load_address>
         <run_address>0x20000560</run_address>
         <size>0x40</size>
         <input_file_ref idref="fl-5"/>
      </object_component>
      <object_component id="oc-416">
         <name>.data:g_sMotorCol</name>
         <load_address>0x200004e0</load_address>
         <run_address>0x200004e0</run_address>
         <size>0x40</size>
         <input_file_ref idref="fl-5"/>
      </object_component>
      <object_component id="oc-419">
         <name>.data:g_sMotorComplete</name>
         <load_address>0x20000520</load_address>
         <run_address>0x20000520</run_address>
         <size>0x40</size>
         <input_file_ref idref="fl-5"/>
      </object_component>
      <object_component id="oc-28b">
         <name>.data:g_psPanelsUI</name>
         <load_address>0x20000000</load_address>
         <run_address>0x20000000</run_address>
         <size>0x300</size>
         <input_file_ref idref="fl-5"/>
      </object_component>
      <object_component id="oc-27f">
         <name>.data:g_sPreviousUI</name>
         <load_address>0x20000350</load_address>
         <run_address>0x20000350</run_address>
         <size>0x50</size>
         <input_file_ref idref="fl-5"/>
      </object_component>
      <object_component id="oc-282">
         <name>.data:g_sTitleUI</name>
         <load_address>0x20000620</load_address>
         <run_address>0x20000620</run_address>
         <size>0x40</size>
         <input_file_ref idref="fl-5"/>
      </object_component>
      <object_component id="oc-285">
         <name>.data:g_sNextUI</name>
         <load_address>0x20000300</load_address>
         <run_address>0x20000300</run_address>
         <size>0x50</size>
         <input_file_ref idref="fl-5"/>
      </object_component>
      <object_component id="oc-d6">
         <name>.data</name>
         <load_address>0x20000742</load_address>
         <run_address>0x20000742</run_address>
         <size>0x4</size>
         <input_file_ref idref="fl-7"/>
      </object_component>
      <object_component id="oc-1cf">
         <name>.data</name>
         <load_address>0x20000714</load_address>
         <run_address>0x20000714</run_address>
         <size>0x2d</size>
         <input_file_ref idref="fl-e6"/>
      </object_component>
      <object_component id="oc-1bc">
         <name>.bss:psDMAControlTable</name>
         <uninitialized>true</uninitialized>
         <run_address>0x20000800</run_address>
         <size>0x400</size>
         <input_file_ref idref="fl-5"/>
      </object_component>
      <object_component id="oc-1bf">
         <name>.bss:sContext</name>
         <uninitialized>true</uninitialized>
         <run_address>0x20000d40</run_address>
         <size>0x2c</size>
         <input_file_ref idref="fl-5"/>
      </object_component>
      <object_component id="oc-255">
         <name>.bss:sRect</name>
         <uninitialized>true</uninitialized>
         <run_address>0x20000d9c</run_address>
         <size>0x8</size>
         <input_file_ref idref="fl-5"/>
      </object_component>
      <object_component id="oc-8c">
         <name>.bss</name>
         <uninitialized>true</uninitialized>
         <run_address>0x20000da4</run_address>
         <size>0x8</size>
         <input_file_ref idref="fl-7"/>
      </object_component>
      <object_component id="oc-d9">
         <name>.bss:g_pi16Samples</name>
         <uninitialized>true</uninitialized>
         <run_address>0x20000d8c</run_address>
         <size>0x10</size>
         <input_file_ref idref="fl-7"/>
      </object_component>
      <object_component id="oc-1d2">
         <name>.bss:g_psMQ</name>
         <uninitialized>true</uninitialized>
         <run_address>0x20000c00</run_address>
         <size>0x140</size>
         <input_file_ref idref="fl-e6"/>
      </object_component>
      <object_component id="oc-288">
         <name>.common:g_ui32PanelUI</name>
         <uninitialized>true</uninitialized>
         <run_address>0x20000db4</run_address>
         <size>0x4</size>
      </object_component>
      <object_component id="oc-3c4">
         <name>.common:g_pi32ParmSet</name>
         <uninitialized>true</uninitialized>
         <run_address>0x20000dac</run_address>
         <size>0x4</size>
      </object_component>
      <object_component id="oc-92">
         <name>.common:g_i16TouchX</name>
         <uninitialized>true</uninitialized>
         <run_address>0x20000db8</run_address>
         <size>0x2</size>
      </object_component>
      <object_component id="oc-8f">
         <name>.common:g_i16TouchY</name>
         <uninitialized>true</uninitialized>
         <run_address>0x20000dba</run_address>
         <size>0x2</size>
      </object_component>
      <object_component id="oc-22d">
         <name>.common:g_psGrLibDefaults</name>
         <uninitialized>true</uninitialized>
         <run_address>0x20000db0</run_address>
         <size>0x4</size>
      </object_component>
      <object_component id="oc-576">
         <name>.common:g_pui8Dictionary</name>
         <uninitialized>true</uninitialized>
         <run_address>0x20000d6c</run_address>
         <size>0x20</size>
      </object_component>
      <object_component id="oc-21">
         <name>.stack</name>
         <uninitialized>true</uninitialized>
         <run_address>0x20000dc0</run_address>
         <size>0x4</size>
         <input_file_ref idref="fl-c8"/>
      </object_component>
      <object_component id="oc-5b2">
         <name>.stack</name>
         <uninitialized>true</uninitialized>
         <run_address>0x20000dc0</run_address>
         <size>0x0</size>
      </object_component>
      <object_component id="oc-f5">
         <name>.debug_info</name>
         <load_address>0x0</load_address>
         <run_address>0x0</run_address>
         <size>0xdca</size>
         <input_file_ref idref="fl-2"/>
      </object_component>
      <object_component id="oc-c2">
         <name>.debug_info</name>
         <load_address>0xdca</load_address>
         <run_address>0xdca</run_address>
         <size>0x126</size>
         <input_file_ref idref="fl-2"/>
      </object_component>
      <object_component id="oc-e6">
         <name>.debug_info</name>
         <load_address>0xef0</load_address>
         <run_address>0xef0</run_address>
         <size>0x6bd</size>
         <input_file_ref idref="fl-2"/>
      </object_component>
      <object_component id="oc-15a">
         <name>.debug_info</name>
         <load_address>0x15ad</load_address>
         <run_address>0x15ad</run_address>
         <size>0x86</size>
         <input_file_ref idref="fl-2"/>
      </object_component>
      <object_component id="oc-15f">
         <name>.debug_info</name>
         <load_address>0x1633</load_address>
         <run_address>0x1633</run_address>
         <size>0xea</size>
         <input_file_ref idref="fl-2"/>
      </object_component>
      <object_component id="oc-164">
         <name>.debug_info</name>
         <load_address>0x171d</load_address>
         <run_address>0x171d</run_address>
         <size>0xfe</size>
         <input_file_ref idref="fl-2"/>
      </object_component>
      <object_component id="oc-169">
         <name>.debug_info</name>
         <load_address>0x181b</load_address>
         <run_address>0x181b</run_address>
         <size>0xc2</size>
         <input_file_ref idref="fl-2"/>
      </object_component>
      <object_component id="oc-16e">
         <name>.debug_info</name>
         <load_address>0x18dd</load_address>
         <run_address>0x18dd</run_address>
         <size>0x14e</size>
         <input_file_ref idref="fl-2"/>
      </object_component>
      <object_component id="oc-173">
         <name>.debug_info</name>
         <load_address>0x1a2b</load_address>
         <run_address>0x1a2b</run_address>
         <size>0xfe</size>
         <input_file_ref idref="fl-2"/>
      </object_component>
      <object_component id="oc-178">
         <name>.debug_info</name>
         <load_address>0x1b29</load_address>
         <run_address>0x1b29</run_address>
         <size>0x176</size>
         <input_file_ref idref="fl-2"/>
      </object_component>
      <object_component id="oc-96">
         <name>.debug_info</name>
         <load_address>0x1c9f</load_address>
         <run_address>0x1c9f</run_address>
         <size>0x26b</size>
         <input_file_ref idref="fl-2"/>
      </object_component>
      <object_component id="oc-eb">
         <name>.debug_info</name>
         <load_address>0x1f0a</load_address>
         <run_address>0x1f0a</run_address>
         <size>0xc6</size>
         <input_file_ref idref="fl-2"/>
      </object_component>
      <object_component id="oc-e1">
         <name>.debug_info</name>
         <load_address>0x1fd0</load_address>
         <run_address>0x1fd0</run_address>
         <size>0x8b</size>
         <input_file_ref idref="fl-2"/>
      </object_component>
      <object_component id="oc-f0">
         <name>.debug_info</name>
         <load_address>0x205b</load_address>
         <run_address>0x205b</run_address>
         <size>0x297</size>
         <input_file_ref idref="fl-2"/>
      </object_component>
      <object_component id="oc-9b">
         <name>.debug_info</name>
         <load_address>0x22f2</load_address>
         <run_address>0x22f2</run_address>
         <size>0xbb</size>
         <input_file_ref idref="fl-2"/>
      </object_component>
      <object_component id="oc-17d">
         <name>.debug_info</name>
         <load_address>0x23ad</load_address>
         <run_address>0x23ad</run_address>
         <size>0x35</size>
         <input_file_ref idref="fl-2"/>
      </object_component>
      <object_component id="oc-498">
         <name>.debug_info</name>
         <load_address>0x23e2</load_address>
         <run_address>0x23e2</run_address>
         <size>0x368</size>
         <input_file_ref idref="fl-3"/>
      </object_component>
      <object_component id="oc-3d9">
         <name>.debug_info</name>
         <load_address>0x274a</load_address>
         <run_address>0x274a</run_address>
         <size>0xdc</size>
         <input_file_ref idref="fl-3"/>
      </object_component>
      <object_component id="oc-3dc">
         <name>.debug_info</name>
         <load_address>0x2826</load_address>
         <run_address>0x2826</run_address>
         <size>0xe7</size>
         <input_file_ref idref="fl-3"/>
      </object_component>
      <object_component id="oc-44">
         <name>.debug_info</name>
         <load_address>0x290d</load_address>
         <run_address>0x290d</run_address>
         <size>0x2ce</size>
         <input_file_ref idref="fl-4"/>
      </object_component>
      <object_component id="oc-10">
         <name>.debug_info</name>
         <load_address>0x2bdb</load_address>
         <run_address>0x2bdb</run_address>
         <size>0xdb</size>
         <input_file_ref idref="fl-4"/>
      </object_component>
      <object_component id="oc-25">
         <name>.debug_info</name>
         <load_address>0x2cb6</load_address>
         <run_address>0x2cb6</run_address>
         <size>0x10b</size>
         <input_file_ref idref="fl-4"/>
      </object_component>
      <object_component id="oc-2b">
         <name>.debug_info</name>
         <load_address>0x2dc1</load_address>
         <run_address>0x2dc1</run_address>
         <size>0xfc</size>
         <input_file_ref idref="fl-4"/>
      </object_component>
      <object_component id="oc-37">
         <name>.debug_info</name>
         <load_address>0x2ebd</load_address>
         <run_address>0x2ebd</run_address>
         <size>0x114</size>
         <input_file_ref idref="fl-4"/>
      </object_component>
      <object_component id="oc-31">
         <name>.debug_info</name>
         <load_address>0x2fd1</load_address>
         <run_address>0x2fd1</run_address>
         <size>0x102</size>
         <input_file_ref idref="fl-4"/>
      </object_component>
      <object_component id="oc-4b">
         <name>.debug_info</name>
         <load_address>0x30d3</load_address>
         <run_address>0x30d3</run_address>
         <size>0x84</size>
         <input_file_ref idref="fl-4"/>
      </object_component>
      <object_component id="oc-289">
         <name>.debug_info</name>
         <load_address>0x3157</load_address>
         <run_address>0x3157</run_address>
         <size>0xbb7</size>
         <input_file_ref idref="fl-5"/>
      </object_component>
      <object_component id="oc-1bd">
         <name>.debug_info</name>
         <load_address>0x3d0e</load_address>
         <run_address>0x3d0e</run_address>
         <size>0xde</size>
         <input_file_ref idref="fl-5"/>
      </object_component>
      <object_component id="oc-1c0">
         <name>.debug_info</name>
         <load_address>0x3dec</load_address>
         <run_address>0x3dec</run_address>
         <size>0xcc</size>
         <input_file_ref idref="fl-5"/>
      </object_component>
      <object_component id="oc-256">
         <name>.debug_info</name>
         <load_address>0x3eb8</load_address>
         <run_address>0x3eb8</run_address>
         <size>0xc6</size>
         <input_file_ref idref="fl-5"/>
      </object_component>
      <object_component id="oc-28f">
         <name>.debug_info</name>
         <load_address>0x3f7e</load_address>
         <run_address>0x3f7e</run_address>
         <size>0xe1</size>
         <input_file_ref idref="fl-5"/>
      </object_component>
      <object_component id="oc-3f9">
         <name>.debug_info</name>
         <load_address>0x405f</load_address>
         <run_address>0x405f</run_address>
         <size>0xcf</size>
         <input_file_ref idref="fl-5"/>
      </object_component>
      <object_component id="oc-3fc">
         <name>.debug_info</name>
         <load_address>0x412e</load_address>
         <run_address>0x412e</run_address>
         <size>0xcd</size>
         <input_file_ref idref="fl-5"/>
      </object_component>
      <object_component id="oc-3ff">
         <name>.debug_info</name>
         <load_address>0x41fb</load_address>
         <run_address>0x41fb</run_address>
         <size>0xd3</size>
         <input_file_ref idref="fl-5"/>
      </object_component>
      <object_component id="oc-402">
         <name>.debug_info</name>
         <load_address>0x42ce</load_address>
         <run_address>0x42ce</run_address>
         <size>0xd1</size>
         <input_file_ref idref="fl-5"/>
      </object_component>
      <object_component id="oc-405">
         <name>.debug_info</name>
         <load_address>0x439f</load_address>
         <run_address>0x439f</run_address>
         <size>0xd7</size>
         <input_file_ref idref="fl-5"/>
      </object_component>
      <object_component id="oc-408">
         <name>.debug_info</name>
         <load_address>0x4476</load_address>
         <run_address>0x4476</run_address>
         <size>0xd1</size>
         <input_file_ref idref="fl-5"/>
      </object_component>
      <object_component id="oc-40b">
         <name>.debug_info</name>
         <load_address>0x4547</load_address>
         <run_address>0x4547</run_address>
         <size>0xd3</size>
         <input_file_ref idref="fl-5"/>
      </object_component>
      <object_component id="oc-40e">
         <name>.debug_info</name>
         <load_address>0x461a</load_address>
         <run_address>0x461a</run_address>
         <size>0xd9</size>
         <input_file_ref idref="fl-5"/>
      </object_component>
      <object_component id="oc-411">
         <name>.debug_info</name>
         <load_address>0x46f3</load_address>
         <run_address>0x46f3</run_address>
         <size>0xd5</size>
         <input_file_ref idref="fl-5"/>
      </object_component>
      <object_component id="oc-414">
         <name>.debug_info</name>
         <load_address>0x47c8</load_address>
         <run_address>0x47c8</run_address>
         <size>0xd1</size>
         <input_file_ref idref="fl-5"/>
      </object_component>
      <object_component id="oc-417">
         <name>.debug_info</name>
         <load_address>0x4899</load_address>
         <run_address>0x4899</run_address>
         <size>0xd3</size>
         <input_file_ref idref="fl-5"/>
      </object_component>
      <object_component id="oc-41a">
         <name>.debug_info</name>
         <load_address>0x496c</load_address>
         <run_address>0x496c</run_address>
         <size>0xdd</size>
         <input_file_ref idref="fl-5"/>
      </object_component>
      <object_component id="oc-28c">
         <name>.debug_info</name>
         <load_address>0x4a49</load_address>
         <run_address>0x4a49</run_address>
         <size>0xd5</size>
         <input_file_ref idref="fl-5"/>
      </object_component>
      <object_component id="oc-280">
         <name>.debug_info</name>
         <load_address>0x4b1e</load_address>
         <run_address>0x4b1e</run_address>
         <size>0xd7</size>
         <input_file_ref idref="fl-5"/>
      </object_component>
      <object_component id="oc-283">
         <name>.debug_info</name>
         <load_address>0x4bf5</load_address>
         <run_address>0x4bf5</run_address>
         <size>0xd1</size>
         <input_file_ref idref="fl-5"/>
      </object_component>
      <object_component id="oc-286">
         <name>.debug_info</name>
         <load_address>0x4cc6</load_address>
         <run_address>0x4cc6</run_address>
         <size>0xcf</size>
         <input_file_ref idref="fl-5"/>
      </object_component>
      <object_component id="oc-3ef">
         <name>.debug_info</name>
         <load_address>0x4d95</load_address>
         <run_address>0x4d95</run_address>
         <size>0x1aa</size>
         <input_file_ref idref="fl-5"/>
      </object_component>
      <object_component id="oc-3df">
         <name>.debug_info</name>
         <load_address>0x4f3f</load_address>
         <run_address>0x4f3f</run_address>
         <size>0x1b2</size>
         <input_file_ref idref="fl-5"/>
      </object_component>
      <object_component id="oc-4b3">
         <name>.debug_info</name>
         <load_address>0x50f1</load_address>
         <run_address>0x50f1</run_address>
         <size>0x2c1</size>
         <input_file_ref idref="fl-5"/>
      </object_component>
      <object_component id="oc-4bb">
         <name>.debug_info</name>
         <load_address>0x53b2</load_address>
         <run_address>0x53b2</run_address>
         <size>0x1bf</size>
         <input_file_ref idref="fl-5"/>
      </object_component>
      <object_component id="oc-4c3">
         <name>.debug_info</name>
         <load_address>0x5571</load_address>
         <run_address>0x5571</run_address>
         <size>0x1bd</size>
         <input_file_ref idref="fl-5"/>
      </object_component>
      <object_component id="oc-4cb">
         <name>.debug_info</name>
         <load_address>0x572e</load_address>
         <run_address>0x572e</run_address>
         <size>0x1c3</size>
         <input_file_ref idref="fl-5"/>
      </object_component>
      <object_component id="oc-4d3">
         <name>.debug_info</name>
         <load_address>0x58f1</load_address>
         <run_address>0x58f1</run_address>
         <size>0x1bd</size>
         <input_file_ref idref="fl-5"/>
      </object_component>
      <object_component id="oc-4db">
         <name>.debug_info</name>
         <load_address>0x5aae</load_address>
         <run_address>0x5aae</run_address>
         <size>0x1bf</size>
         <input_file_ref idref="fl-5"/>
      </object_component>
      <object_component id="oc-4e3">
         <name>.debug_info</name>
         <load_address>0x5c6d</load_address>
         <run_address>0x5c6d</run_address>
         <size>0x1c5</size>
         <input_file_ref idref="fl-5"/>
      </object_component>
      <object_component id="oc-4eb">
         <name>.debug_info</name>
         <load_address>0x5e32</load_address>
         <run_address>0x5e32</run_address>
         <size>0x1c1</size>
         <input_file_ref idref="fl-5"/>
      </object_component>
      <object_component id="oc-4f3">
         <name>.debug_info</name>
         <load_address>0x5ff3</load_address>
         <run_address>0x5ff3</run_address>
         <size>0x1bd</size>
         <input_file_ref idref="fl-5"/>
      </object_component>
      <object_component id="oc-4fb">
         <name>.debug_info</name>
         <load_address>0x61b0</load_address>
         <run_address>0x61b0</run_address>
         <size>0x1bf</size>
         <input_file_ref idref="fl-5"/>
      </object_component>
      <object_component id="oc-503">
         <name>.debug_info</name>
         <load_address>0x636f</load_address>
         <run_address>0x636f</run_address>
         <size>0x1c9</size>
         <input_file_ref idref="fl-5"/>
      </object_component>
      <object_component id="oc-4ab">
         <name>.debug_info</name>
         <load_address>0x6538</load_address>
         <run_address>0x6538</run_address>
         <size>0x28f</size>
         <input_file_ref idref="fl-5"/>
      </object_component>
      <object_component id="oc-1b4">
         <name>.debug_info</name>
         <load_address>0x67c7</load_address>
         <run_address>0x67c7</run_address>
         <size>0x1cb</size>
         <input_file_ref idref="fl-5"/>
      </object_component>
      <object_component id="oc-19b">
         <name>.debug_info</name>
         <load_address>0x6992</load_address>
         <run_address>0x6992</run_address>
         <size>0x195</size>
         <input_file_ref idref="fl-5"/>
      </object_component>
      <object_component id="oc-108">
         <name>.debug_info</name>
         <load_address>0x6b27</load_address>
         <run_address>0x6b27</run_address>
         <size>0x21e</size>
         <input_file_ref idref="fl-5"/>
      </object_component>
      <object_component id="oc-223">
         <name>.debug_info</name>
         <load_address>0x6d45</load_address>
         <run_address>0x6d45</run_address>
         <size>0x74e</size>
         <input_file_ref idref="fl-6"/>
      </object_component>
      <object_component id="oc-1ba">
         <name>.debug_info</name>
         <load_address>0x7493</load_address>
         <run_address>0x7493</run_address>
         <size>0x162</size>
         <input_file_ref idref="fl-6"/>
      </object_component>
      <object_component id="oc-20d">
         <name>.debug_info</name>
         <load_address>0x75f5</load_address>
         <run_address>0x75f5</run_address>
         <size>0x2ee</size>
         <input_file_ref idref="fl-6"/>
      </object_component>
      <object_component id="oc-211">
         <name>.debug_info</name>
         <load_address>0x78e3</load_address>
         <run_address>0x78e3</run_address>
         <size>0x2e6</size>
         <input_file_ref idref="fl-6"/>
      </object_component>
      <object_component id="oc-2ab">
         <name>.debug_info</name>
         <load_address>0x7bc9</load_address>
         <run_address>0x7bc9</run_address>
         <size>0x4e4</size>
         <input_file_ref idref="fl-6"/>
      </object_component>
      <object_component id="oc-29b">
         <name>.debug_info</name>
         <load_address>0x80ad</load_address>
         <run_address>0x80ad</run_address>
         <size>0x52f</size>
         <input_file_ref idref="fl-6"/>
      </object_component>
      <object_component id="oc-294">
         <name>.debug_info</name>
         <load_address>0x85dc</load_address>
         <run_address>0x85dc</run_address>
         <size>0x38f</size>
         <input_file_ref idref="fl-6"/>
      </object_component>
      <object_component id="oc-2a7">
         <name>.debug_info</name>
         <load_address>0x896b</load_address>
         <run_address>0x896b</run_address>
         <size>0x41e</size>
         <input_file_ref idref="fl-6"/>
      </object_component>
      <object_component id="oc-29f">
         <name>.debug_info</name>
         <load_address>0x8d89</load_address>
         <run_address>0x8d89</run_address>
         <size>0x517</size>
         <input_file_ref idref="fl-6"/>
      </object_component>
      <object_component id="oc-201">
         <name>.debug_info</name>
         <load_address>0x92a0</load_address>
         <run_address>0x92a0</run_address>
         <size>0x446</size>
         <input_file_ref idref="fl-6"/>
      </object_component>
      <object_component id="oc-18f">
         <name>.debug_info</name>
         <load_address>0x96e6</load_address>
         <run_address>0x96e6</run_address>
         <size>0xd66</size>
         <input_file_ref idref="fl-6"/>
      </object_component>
      <object_component id="oc-2b7">
         <name>.debug_info</name>
         <load_address>0xa44c</load_address>
         <run_address>0xa44c</run_address>
         <size>0x292</size>
         <input_file_ref idref="fl-6"/>
      </object_component>
      <object_component id="oc-2b1">
         <name>.debug_info</name>
         <load_address>0xa6de</load_address>
         <run_address>0xa6de</run_address>
         <size>0x2de</size>
         <input_file_ref idref="fl-6"/>
      </object_component>
      <object_component id="oc-90">
         <name>.debug_info</name>
         <load_address>0xa9bc</load_address>
         <run_address>0xa9bc</run_address>
         <size>0x8ce</size>
         <input_file_ref idref="fl-7"/>
      </object_component>
      <object_component id="oc-d4">
         <name>.debug_info</name>
         <load_address>0xb28a</load_address>
         <run_address>0xb28a</run_address>
         <size>0x13e</size>
         <input_file_ref idref="fl-7"/>
      </object_component>
      <object_component id="oc-d7">
         <name>.debug_info</name>
         <load_address>0xb3c8</load_address>
         <run_address>0xb3c8</run_address>
         <size>0x174</size>
         <input_file_ref idref="fl-7"/>
      </object_component>
      <object_component id="oc-8d">
         <name>.debug_info</name>
         <load_address>0xb53c</load_address>
         <run_address>0xb53c</run_address>
         <size>0x159</size>
         <input_file_ref idref="fl-7"/>
      </object_component>
      <object_component id="oc-da">
         <name>.debug_info</name>
         <load_address>0xb695</load_address>
         <run_address>0xb695</run_address>
         <size>0x12d</size>
         <input_file_ref idref="fl-7"/>
      </object_component>
      <object_component id="oc-89">
         <name>.debug_info</name>
         <load_address>0xb7c2</load_address>
         <run_address>0xb7c2</run_address>
         <size>0x282</size>
         <input_file_ref idref="fl-7"/>
      </object_component>
      <object_component id="oc-3e">
         <name>.debug_info</name>
         <load_address>0xba44</load_address>
         <run_address>0xba44</run_address>
         <size>0x236</size>
         <input_file_ref idref="fl-7"/>
      </object_component>
      <object_component id="oc-264">
         <name>.debug_info</name>
         <load_address>0xbc7a</load_address>
         <run_address>0xbc7a</run_address>
         <size>0x45d</size>
         <input_file_ref idref="fl-7"/>
      </object_component>
      <object_component id="oc-26a">
         <name>.debug_info</name>
         <load_address>0xc0d7</load_address>
         <run_address>0xc0d7</run_address>
         <size>0x25b</size>
         <input_file_ref idref="fl-7"/>
      </object_component>
      <object_component id="oc-b4">
         <name>.debug_info</name>
         <load_address>0xc332</load_address>
         <run_address>0xc332</run_address>
         <size>0x2d5</size>
         <input_file_ref idref="fl-c5"/>
      </object_component>
      <object_component id="oc-63">
         <name>.debug_info</name>
         <load_address>0xc607</load_address>
         <run_address>0xc607</run_address>
         <size>0x1b6</size>
         <input_file_ref idref="fl-c5"/>
      </object_component>
      <object_component id="oc-af">
         <name>.debug_info</name>
         <load_address>0xc7bd</load_address>
         <run_address>0xc7bd</run_address>
         <size>0x46</size>
         <input_file_ref idref="fl-c5"/>
      </object_component>
      <object_component id="oc-fe">
         <name>.debug_info</name>
         <load_address>0xc803</load_address>
         <run_address>0xc803</run_address>
         <size>0x2c</size>
         <input_file_ref idref="fl-c5"/>
      </object_component>
      <object_component id="oc-5b">
         <name>.debug_info</name>
         <load_address>0xc82f</load_address>
         <run_address>0xc82f</run_address>
         <size>0x2a9</size>
         <input_file_ref idref="fl-c6"/>
      </object_component>
      <object_component id="oc-1b">
         <name>.debug_info</name>
         <load_address>0xcad8</load_address>
         <run_address>0xcad8</run_address>
         <size>0x1eb</size>
         <input_file_ref idref="fl-c6"/>
      </object_component>
      <object_component id="oc-56">
         <name>.debug_info</name>
         <load_address>0xccc3</load_address>
         <run_address>0xccc3</run_address>
         <size>0x46</size>
         <input_file_ref idref="fl-c6"/>
      </object_component>
      <object_component id="oc-a7">
         <name>.debug_info</name>
         <load_address>0xcd09</load_address>
         <run_address>0xcd09</run_address>
         <size>0x2c</size>
         <input_file_ref idref="fl-c6"/>
      </object_component>
      <object_component id="oc-a5">
         <name>.debug_info</name>
         <load_address>0xcd35</load_address>
         <run_address>0xcd35</run_address>
         <size>0x29f</size>
         <input_file_ref idref="fl-c7"/>
      </object_component>
      <object_component id="oc-13">
         <name>.debug_info</name>
         <load_address>0xcfd4</load_address>
         <run_address>0xcfd4</run_address>
         <size>0x251</size>
         <input_file_ref idref="fl-c7"/>
      </object_component>
      <object_component id="oc-46">
         <name>.debug_info</name>
         <load_address>0xd225</load_address>
         <run_address>0xd225</run_address>
         <size>0x60</size>
         <input_file_ref idref="fl-c7"/>
      </object_component>
      <object_component id="oc-f7">
         <name>.debug_info</name>
         <load_address>0xd285</load_address>
         <run_address>0xd285</run_address>
         <size>0x46</size>
         <input_file_ref idref="fl-c7"/>
      </object_component>
      <object_component id="oc-a0">
         <name>.debug_info</name>
         <load_address>0xd2cb</load_address>
         <run_address>0xd2cb</run_address>
         <size>0x39</size>
[...]
         <value>0x200006a0</value>
         <object_component_ref idref="oc-3f8"/>
      </symbol>
      <symbol id="sm-246">
         <name>g_sPreviousUI</name>
         <value>0x20000350</value>
         <object_component_ref idref="oc-27f"/>
      </symbol>
      <symbol id="sm-247">
         <name>g_sIntro</name>
         <value>0x20000420</value>
         <object_component_ref idref="oc-3fb"/>
      </symbol>
      <symbol id="sm-248">
         <name>g_sTransfer</name>
         <value>0x20000660</value>
         <object_component_ref idref="oc-40a"/>
      </symbol>
      <symbol id="sm-249">
         <name>UI_OnTestMenuPaint</name>
         <value>0x2f0d</value>
         <object_component_ref idref="oc-4ba"/>
      </symbol>
      <symbol id="sm-24a">
         <name>UI_GenerateHeader</name>
         <value>0x2809</value>
         <object_component_ref idref="oc-19a"/>
      </symbol>
      <symbol id="sm-24b">
         <name>g_sMotorCol</name>
         <value>0x200004e0</value>
         <object_component_ref idref="oc-416"/>
      </symbol>
      <symbol id="sm-24c">
         <name>g_sNextUI</name>
         <value>0x20000300</value>
         <object_component_ref idref="oc-285"/>
      </symbol>
      <symbol id="sm-24d">
         <name>g_sMemComplete</name>
         <value>0x20000460</value>
         <object_component_ref idref="oc-40d"/>
      </symbol>
      <symbol id="sm-24e">
         <name>UI_OnMotorColPaint</name>
         <value>0x2a4d</value>
         <object_component_ref idref="oc-4fa"/>
      </symbol>
      <symbol id="sm-24f">
         <name>UI_OnFileSelPaint</name>
         <value>0x2cb5</value>
         <object_component_ref idref="oc-4d2"/>
      </symbol>
      <symbol id="sm-250">
         <name>UI_OnMemTestPaint</name>
         <value>0x2da5</value>
         <object_component_ref idref="oc-4c2"/>
      </symbol>
      <symbol id="sm-251">
         <name>g_sMotorTest</name>
         <value>0x200005a0</value>
         <object_component_ref idref="oc-410"/>
      </symbol>
      <symbol id="sm-252">
         <name>UI_Init</name>
         <value>0x3261</value>
         <object_component_ref idref="oc-107"/>
      </symbol>
      <symbol id="sm-253">
         <name>UI_OnMotorCompletePaint</name>
         <value>0x2ac9</value>
         <object_component_ref idref="oc-502"/>
      </symbol>
      <symbol id="sm-254">
         <name>g_sMemTest</name>
         <value>0x200004a0</value>
         <object_component_ref idref="oc-401"/>
      </symbol>
      <symbol id="sm-255">
         <name>g_sMotorComplete</name>
         <value>0x20000520</value>
         <object_component_ref idref="oc-419"/>
      </symbol>
      <symbol id="sm-256">
         <name>UI_OnMotorTestPaint</name>
         <value>0x2e95</value>
         <object_component_ref idref="oc-4ea"/>
      </symbol>
      <symbol id="sm-257">
         <name>g_sFilesystem</name>
         <value>0x200003e0</value>
         <object_component_ref idref="oc-404"/>
      </symbol>
      <symbol id="sm-258">
         <name>UI_OnMotorGoPaint</name>
         <value>0x2e1d</value>
         <object_component_ref idref="oc-4f2"/>
      </symbol>
      <symbol id="sm-259">
         <name>g_pcPanei32NamesUI</name>
         <value>0x200006e0</value>
         <object_component_ref idref="oc-28e"/>
      </symbol>
      <symbol id="sm-25a">
         <name>g_psPanelsUI</name>
         <value>0x20000000</value>
         <object_component_ref idref="oc-28b"/>
      </symbol>
      <symbol id="sm-25b">
         <name>g_sTestMenu</name>
         <value>0x200005e0</value>
         <object_component_ref idref="oc-3fe"/>
      </symbol>
      <symbol id="sm-25c">
         <name>UI_OnNext</name>
         <value>0x25f9</value>
         <object_component_ref idref="oc-3ee"/>
      </symbol>
      <symbol id="sm-25d">
         <name>UI_OnFilesystemPaint</name>
         <value>0x2d2d</value>
         <object_component_ref idref="oc-4ca"/>
      </symbol>
      <symbol id="sm-25e">
         <name>UI_InitWidgetsIntegrationTest</name>
         <value>0x2f85</value>
         <object_component_ref idref="oc-1b3"/>
      </symbol>
      <symbol id="sm-25f">
         <name>UI_OnPrevious</name>
         <value>0x2485</value>
         <object_component_ref idref="oc-3de"/>
      </symbol>
      <symbol id="sm-260">
         <name>UI_OnWarmUpPaint</name>
         <value>0x12bd</value>
         <object_component_ref idref="oc-4aa"/>
      </symbol>
      <symbol id="sm-261">
         <name>g_sTitleUI</name>
         <value>0x20000620</value>
         <object_component_ref idref="oc-282"/>
      </symbol>
      <symbol id="sm-262">
         <name>g_sFileSel</name>
         <value>0x200003a0</value>
         <object_component_ref idref="oc-407"/>
      </symbol>
      <symbol id="sm-319">
         <name>Kentec320x240x16_SSD2119Init</name>
         <value>0x26d</value>
         <object_component_ref idref="oc-18e"/>
      </symbol>
      <symbol id="sm-31a">
         <name>g_sKentec320x240x16_SSD2119</name>
         <value>0x5548</value>
         <object_component_ref idref="oc-1b9"/>
      </symbol>
      <symbol id="sm-393">
         <name>g_pi32ParmSet</name>
         <value>0x20000dac</value>
      </symbol>
      <symbol id="sm-394">
         <name>g_i16TouchX</name>
         <value>0x20000db8</value>
      </symbol>
      <symbol id="sm-395">
         <name>g_i16TouchY</name>
         <value>0x20000dba</value>
      </symbol>
      <symbol id="sm-396">
         <name>TouchScreenInit</name>
         <value>0x1ef5</value>
         <object_component_ref idref="oc-261"/>
      </symbol>
      <symbol id="sm-397">
         <name>TouchScreenCallbackSet</name>
         <value>0x3b55</value>
         <object_component_ref idref="oc-267"/>
      </symbol>
      <symbol id="sm-398">
         <name>g_pi32TouchParameters</name>
         <value>0x5570</value>
         <object_component_ref idref="oc-d3"/>
      </symbol>
      <symbol id="sm-399">
         <name>g_i16TouchMin</name>
         <value>0x20000742</value>
         <object_component_ref idref="oc-d6"/>
      </symbol>
      <symbol id="sm-39a">
         <name>TouchScreenIntHandler</name>
         <value>0x1ca5</value>
         <object_component_ref idref="oc-3c"/>
      </symbol>
      <symbol id="sm-3b3">
         <name>__TI_zero_init</name>
         <value>0x3b61</value>
         <object_component_ref idref="oc-62"/>
      </symbol>
      <symbol id="sm-3ca">
         <name>__TI_decompress_none</name>
         <value>0x3b45</value>
         <object_component_ref idref="oc-18"/>
      </symbol>
      <symbol id="sm-3ed">
         <name>__TI_decompress_lzss</name>
         <value>0x312d</value>
         <object_component_ref idref="oc-12"/>
      </symbol>
      <symbol id="sm-400">
         <name>__stack</name>
         <value>0x20000dc0</value>
         <object_component_ref idref="oc-21"/>
      </symbol>
      <symbol id="sm-401">
         <name>_c_int00_noargs</name>
         <value>0x384d</value>
         <object_component_ref idref="oc-6e"/>
      </symbol>
      <symbol id="sm-411">
         <name>__aeabi_memset</name>
         <value>0x2c3d</value>
         <object_component_ref idref="oc-b5"/>
      </symbol>
      <symbol id="sm-412">
         <name>memset</name>
         <value>0x2c43</value>
         <object_component_ref idref="oc-b5"/>
      </symbol>
      <symbol id="sm-413">
         <name>__aeabi_memset8</name>
         <value>0x2c3d</value>
         <object_component_ref idref="oc-b5"/>
      </symbol>
      <symbol id="sm-414">
         <name>__aeabi_memset4</name>
         <value>0x2c3d</value>
         <object_component_ref idref="oc-b5"/>
      </symbol>
      <symbol id="sm-415">
         <name>__aeabi_memclr8</name>
         <value>0x2c3b</value>
         <object_component_ref idref="oc-b5"/>
      </symbol>
      <symbol id="sm-416">
         <name>__aeabi_memclr4</name>
         <value>0x2c3b</value>
         <object_component_ref idref="oc-b5"/>
      </symbol>
      <symbol id="sm-417">
         <name>__aeabi_memclr</name>
         <value>0x2c3b</value>
         <object_component_ref idref="oc-b5"/>
      </symbol>
      <symbol id="sm-432">
         <name>memcpy</name>
         <value>0x28ad</value>
         <object_component_ref idref="oc-50"/>
      </symbol>
      <symbol id="sm-433">
         <name>__aeabi_memcpy</name>
         <value>0x28ad</value>
         <object_component_ref idref="oc-50"/>
      </symbol>
      <symbol id="sm-434">
         <name>__aeabi_memcpy8</name>
         <value>0x28ad</value>
         <object_component_ref idref="oc-50"/>
      </symbol>
      <symbol id="sm-435">
         <name>__aeabi_memcpy4</name>
         <value>0x28ad</value>
         <object_component_ref idref="oc-50"/>
      </symbol>
      <symbol id="sm-45d">
         <name>__TI_auto_init_nobinit_nopinit</name>
         <value>0x36ed</value>
         <object_component_ref idref="oc-120"/>
      </symbol>
      <symbol id="sm-467">
         <name>_system_pre_init</name>
         <value>0x3bcb</value>
         <object_component_ref idref="oc-bb"/>
      </symbol>
      <symbol id="sm-473">
         <name>C$$EXIT</name>
         <value>0x3bcf</value>
         <object_component_ref idref="oc-114"/>
      </symbol>
      <symbol id="sm-474">
         <name>abort</name>
         <value>0x3bcf</value>
         <object_component_ref idref="oc-114"/>
      </symbol>
      <symbol id="sm-4ae">
         <name>ADCSequenceEnable</name>
         <value>0x3b1b</value>
         <object_component_ref idref="oc-39a"/>
      </symbol>
      <symbol id="sm-4af">
         <name>ADCSequenceConfigure</name>
         <value>0x3499</value>
         <object_component_ref idref="oc-38e"/>
      </symbol>
      <symbol id="sm-4b0">
         <name>ADCIntEnable</name>
         <value>0x3acb</value>
         <object_component_ref idref="oc-3a0"/>
      </symbol>
      <symbol id="sm-4b1">
         <name>ADCSequenceStepConfigure</name>
         <value>0x2bc1</value>
         <object_component_ref idref="oc-394"/>
      </symbol>
      <symbol id="sm-4b2">
         <name>ADCHardwareOversampleConfigure</name>
         <value>0x3b0d</value>
         <object_component_ref idref="oc-388"/>
      </symbol>
      <symbol id="sm-4c8">
         <name>FPULazyStackingEnable</name>
         <value>0x3aed</value>
         <object_component_ref idref="oc-188"/>
      </symbol>
      <symbol id="sm-4c9">
         <name>FPUEnable</name>
         <value>0x3add</value>
         <object_component_ref idref="oc-182"/>
      </symbol>
      <symbol id="sm-50b">
         <name>GPIOPinConfigure</name>
         <value>0x3619</value>
         <object_component_ref idref="oc-30c"/>
      </symbol>
      <symbol id="sm-50c">
         <name>GPIOPinTypeGPIOOutput</name>
         <value>0x3a29</value>
         <object_component_ref idref="oc-306"/>
      </symbol>
      <symbol id="sm-50d">
         <name>GPIODirModeSet</name>
         <value>0x395f</value>
         <object_component_ref idref="oc-43f"/>
      </symbol>
      <symbol id="sm-50e">
         <name>GPIOPinWrite</name>
         <value>0x3ba9</value>
         <object_component_ref idref="oc-204"/>
      </symbol>
      <symbol id="sm-50f">
         <name>GPIOPadConfigSet</name>
         <value>0x1b71</value>
         <object_component_ref idref="oc-439"/>
      </symbol>
      <symbol id="sm-510">
         <name>GPIOPinTypeSSI</name>
         <value>0x3a95</value>
         <object_component_ref idref="oc-312"/>
      </symbol>
      <symbol id="sm-537">
         <name>IntEnable</name>
         <value>0x30c5</value>
         <object_component_ref idref="oc-3a6"/>
      </symbol>
      <symbol id="sm-567">
         <name>SSIDataPut</name>
         <value>0x3b85</value>
         <object_component_ref idref="oc-216"/>
      </symbol>
      <symbol id="sm-568">
         <name>SSIDataGetNonBlocking</name>
         <value>0x3aa7</value>
         <object_component_ref idref="oc-324"/>
      </symbol>
      <symbol id="sm-569">
         <name>SSIConfigSetExpClk</name>
         <value>0x376d</value>
         <object_component_ref idref="oc-318"/>
      </symbol>
      <symbol id="sm-56a">
         <name>SSIEnable</name>
         <value>0x3b8f</value>
         <object_component_ref idref="oc-31e"/>
      </symbol>
      <symbol id="sm-56b">
         <name>SSIBusy</name>
         <value>0x3ba1</value>
         <object_component_ref idref="oc-21c"/>
      </symbol>
      <symbol id="sm-581">
         <name>SysCtlDelay</name>
         <value>0x3bbb</value>
         <object_component_ref idref="oc-1a6"/>
      </symbol>
      <symbol id="sm-582">
         <name>SysCtlPeripheralEnable</name>
         <value>0x3819</value>
         <object_component_ref idref="oc-1a0"/>
      </symbol>
      <symbol id="sm-5b5">
         <name>TimerLoadSet</name>
         <value>0x3ab9</value>
         <object_component_ref idref="oc-3b2"/>
      </symbol>
      <symbol id="sm-5b6">
         <name>TimerEnable</name>
         <value>0x3b37</value>
         <object_component_ref idref="oc-3be"/>
      </symbol>
      <symbol id="sm-5b7">
         <name>TimerControlTrigger</name>
         <value>0x3441</value>
         <object_component_ref idref="oc-3b8"/>
      </symbol>
      <symbol id="sm-5b8">
         <name>TimerConfigure</name>
         <value>0x3329</value>
         <object_component_ref idref="oc-3ac"/>
      </symbol>
      <symbol id="sm-5d6">
         <name>uDMAEnable</name>
         <value>0x3afd</value>
         <object_component_ref idref="oc-1ad"/>
      </symbol>
      <symbol id="sm-5d7">
         <name>uDMAControlBaseSet</name>
         <value>0x3b79</value>
         <object_component_ref idref="oc-1a7"/>
      </symbol>
      <symbol id="sm-608">
         <name>CanvasMsgProc</name>
         <value>0x3a6d</value>
         <object_component_ref idref="oc-3e6"/>
      </symbol>
      <symbol id="sm-635">
         <name>GrContextInit</name>
         <value>0x2ff5</value>
         <object_component_ref idref="oc-194"/>
      </symbol>
      <symbol id="sm-636">
         <name>GrContextClipRegionSet</name>
         <value>0x3195</value>
         <object_component_ref idref="oc-524"/>
      </symbol>
      <symbol id="sm-637">
         <name>g_psDefaultCodePointMapTable</name>
         <value>0x558c</value>
         <object_component_ref idref="oc-22a"/>
      </symbol>
      <symbol id="sm-68e">
         <name>GrImageDraw</name>
         <value>0x3b29</value>
         <object_component_ref idref="oc-52a"/>
      </symbol>
      <symbol id="sm-6d2">
         <name>GrLineDrawH</name>
         <value>0x3661</value>
         <object_component_ref idref="oc-35b"/>
      </symbol>
      <symbol id="sm-6d3">
         <name>GrLineDrawV</name>
         <value>0x36a7</value>
         <object_component_ref idref="oc-361"/>
      </symbol>
      <symbol id="sm-6d4">
         <name>GrLineDraw</name>
         <value>0x2009</value>
         <object_component_ref idref="oc-543"/>
      </symbol>
      <symbol id="sm-70c">
         <name>RectangularButtonMsgProc</name>
         <value>0x3907</value>
         <object_component_ref idref="oc-3d1"/>
      </symbol>
      <symbol id="sm-724">
         <name>GrRectFill</name>
         <value>0x2949</value>
         <object_component_ref idref="oc-231"/>
      </symbol>
      <symbol id="sm-725">
         <name>GrRectDraw</name>
         <value>0x31fb</value>
         <object_component_ref idref="oc-237"/>
      </symbol>
      <symbol id="sm-7d2">
         <name>GrFontInfoGet</name>
         <value>0x3989</value>
         <object_component_ref idref="oc-334"/>
      </symbol>
      <symbol id="sm-7d3">
         <name>GrDefaultStringRenderer</name>
         <value>0x23c5</value>
         <object_component_ref idref="oc-224"/>
      </symbol>
      <symbol id="sm-7d4">
         <name>GrFontGlyphRender</name>
         <value>0xe71</value>
         <object_component_ref idref="oc-346"/>
      </symbol>
      <symbol id="sm-7d5">
         <name>GrFontHeightGet</name>
         <value>0x38db</value>
         <object_component_ref idref="oc-53c"/>
      </symbol>
      <symbol id="sm-7d6">
         <name>GrContextFontSet</name>
         <value>0x3baf</value>
         <object_component_ref idref="oc-23d"/>
      </symbol>
      <symbol id="sm-7d7">
         <name>GrFontGlyphDataGet</name>
         <value>0x39af</value>
         <object_component_ref idref="oc-340"/>
      </symbol>
      <symbol id="sm-7d8">
         <name>GrStringDraw</name>
         <value>0x3a41</value>
         <object_component_ref idref="oc-24f"/>
      </symbol>
      <symbol id="sm-7d9">
         <name>GrFontCodepageGet</name>
         <value>0x39d1</value>
         <object_component_ref idref="oc-46b"/>
      </symbol>
      <symbol id="sm-7da">
         <name>GrStringNextCharGet</name>
         <value>0x3881</value>
         <object_component_ref idref="oc-33a"/>
      </symbol>
      <symbol id="sm-7db">
         <name>GrStringWidthGet</name>
         <value>0x305d</value>
         <object_component_ref idref="oc-243"/>
      </symbol>
      <symbol id="sm-7dc">
         <name>GrFontBaselineGet</name>
         <value>0x38af</value>
         <object_component_ref idref="oc-249"/>
      </symbol>
      <symbol id="sm-884">
         <name>g_sRoot</name>
         <value>0x20000714</value>
         <object_component_ref idref="oc-1cf"/>
      </symbol>
      <symbol id="sm-885">
         <name>WidgetMessageQueueAdd</name>
         <value>0x2201</value>
         <object_component_ref idref="oc-273"/>
      </symbol>
      <symbol id="sm-886">
         <name>WidgetMessageSendPostOrder</name>
         <value>0x26b1</value>
         <object_component_ref idref="oc-1c9"/>
      </symbol>
      <symbol id="sm-887">
         <name>WidgetAdd</name>
         <value>0x39ef</value>
         <object_component_ref idref="oc-26d"/>
      </symbol>
      <symbol id="sm-888">
         <name>WidgetRemove</name>
         <value>0x34e9</value>
         <object_component_ref idref="oc-49b"/>
      </symbol>
      <symbol id="sm-889">
         <name>WidgetDefaultMsgProc</name>
         <value>0x3bc7</value>
         <object_component_ref idref="oc-2ca"/>
      </symbol>
      <symbol id="sm-88a">
         <name>WidgetMutexPut</name>
         <value>0x3bc1</value>
         <object_component_ref idref="oc-3c9"/>
      </symbol>
      <symbol id="sm-88b">
         <name>WidgetMessageQueueProcess</name>
         <value>0x32c5</value>
         <object_component_ref idref="oc-10d"/>
      </symbol>
      <symbol id="sm-88c">
         <name>WidgetMutexGet</name>
         <value>0x3a81</value>
         <object_component_ref idref="oc-3c8"/>
      </symbol>
      <symbol id="sm-88d">
         <name>WidgetPointerMessage</name>
         <value>0x3a0d</value>
         <object_component_ref idref="oc-279"/>
      </symbol>
      <symbol id="sm-88e">
         <name>WidgetMessageSendPreOrder</name>
         <value>0x3389</value>
         <object_component_ref idref="oc-1c3"/>
      </symbol>
      <symbol id="sm-8a1">
         <name>g_sFontCm18</name>
         <value>0x52b8</value>
         <object_component_ref idref="oc-54a"/>
      </symbol>
      <symbol id="sm-8b3">
         <name>g_sFontCm20</name>
         <value>0x5380</value>
         <object_component_ref idref="oc-258"/>
      </symbol>
      <symbol id="sm-8c2">
         <name>GrMapISO8859_1_Unicode</name>
         <value>0x3b99</value>
         <object_component_ref idref="oc-34f"/>
      </symbol>
      <symbol id="sm-8c4">
         <name>__TI_static_base__</name>
         <value>0x0</value>
      </symbol>
      <symbol id="sm-8c7">
         <name>__mpu_init</name>
         <value>0x0</value>
      </symbol>
      <symbol id="sm-8c8">
         <name>_system_post_cinit</name>
         <value>0x0</value>
      </symbol>
   </symbol_table>
   <title>Link successful</title>
</link_info>
